{
  "version": "1.5.0",
  "plugins_used": [
    {
      "name": "ArtifactoryDetector"
    },
    {
      "name": "AWSKeyDetector"
    },
    {
      "name": "AzureStorageKeyDetector"
    },
    {
      "name": "Base64HighEntropyString",
      "limit": 4.5
    },
    {
      "name": "BasicAuthDetector"
    },
    {
      "name": "CloudantDetector"
    },
    {
      "name": "DiscordBotTokenDetector"
    },
    {
      "name": "GitHubTokenDetector"
    },
    {
      "name": "GitLabTokenDetector"
    },
    {
      "name": "HexHighEntropyString",
      "limit": 3.0
    },
    {
      "name": "IbmCloudIamDetector"
    },
    {
      "name": "IbmCosHmacDetector"
    },
    {
      "name": "IPPublicDetector"
    },
    {
      "name": "JwtTokenDetector"
    },
    {
      "name": "KeywordDetector",
      "keyword_exclude": ""
    },
    {
      "name": "MailchimpDetector"
    },
    {
      "name": "NpmDetector"
    },
    {
      "name": "OpenAIDetector"
    },
    {
      "name": "PrivateKeyDetector"
    },
    {
      "name": "PypiTokenDetector"
    },
    {
      "name": "SendGridDetector"
    },
    {
      "name": "SlackDetector"
    },
    {
      "name": "SoftlayerDetector"
    },
    {
      "name": "SquareOAuthDetector"
    },
    {
      "name": "StripeDetector"
    },
    {
      "name": "TelegramBotTokenDetector"
    },
    {
      "name": "TwilioKeyDetector"
    }
  ],
  "filters_used": [
    {
      "path": "detect_secrets.filters.allowlist.is_line_allowlisted"
    },
    {
      "path": "detect_secrets.filters.common.is_baseline_file",
      "filename": ".secrets.baseline"
    },
    {
      "path": "detect_secrets.filters.common.is_ignored_due_to_verification_policies",
      "min_level": 2
    },
    {
      "path": "detect_secrets.filters.heuristic.is_indirect_reference"
    },
    {
      "path": "detect_secrets.filters.heuristic.is_likely_id_string"
    },
    {
      "path": "detect_secrets.filters.heuristic.is_lock_file"
    },
    {
      "path": "detect_secrets.filters.heuristic.is_not_alphanumeric_string"
    },
    {
      "path": "detect_secrets.filters.heuristic.is_potential_uuid"
    },
    {
      "path": "detect_secrets.filters.heuristic.is_prefixed_with_dollar_sign"
    },
    {
      "path": "detect_secrets.filters.heuristic.is_sequential_string"
    },
    {
      "path": "detect_secrets.filters.heuristic.is_swagger_file"
    },
    {
      "path": "detect_secrets.filters.heuristic.is_templated_secret"
    },
    {
      "path": "detect_secrets.filters.regex.should_exclude_file",
      "pattern": [
        "(^|/)node_modules(/|$)|(^|/)dist(/|$)|(^|/)coverage(/|$)|(^|/)package-lock\\.json$|(^|/)pnpm-lock\\.yaml$|\\.snap$|(^|/)managed-skills/[^/]+/conversion\\.report\\.json$|(^|/)docs/reports/ops/.*\\.csv$|(^|/)docs/reports/ops/real-green-gate/.*\\.json$|(^|/)docs/reports/repo/FRIDAY_.*\\.json$|(^|/)audit-fix/[^/]+\\.(csv|json)$|(^|/)audit-fix/fix-phase-status/.*\\.(csv|json)$|(^|/)audit-fix/post-fix-evidence/.*\\.(json|csv|txt|png)$|(^|/)audit-fix/runtime/.*\\.(json|jsonl|txt|png|csv)$|(^|/)screenshots/.*\\.(json|png|pdf|txt|html)$|(^|/)polish-report\\.html$|(^|/)friday-static\\.prod\\.html$|(^|/)friday-static\\.html$"
      ]
    }
  ],
  "results": {
    ".env.example": [
      {
        "type": "Secret Keyword",
        "filename": ".env.example",
        "hashed_secret": "05c668c4033b0bbcc572d8d43f1d110ce16a9e30",
        "is_verified": false,
        "line_number": 62
      },
      {
        "type": "Secret Keyword",
        "filename": ".env.example",
        "hashed_secret": "8531762e64e6ec06e8c5bd396dfa745a646aea14",
        "is_verified": false,
        "line_number": 65
      },
      {
        "type": "Secret Keyword",
        "filename": ".env.example",
        "hashed_secret": "4ddec4c116456ac18ae6bc5ba5d7980bf1a09990",
        "is_verified": false,
        "line_number": 68
      }
    ],
    "docs/UI-WIZARD-COPY-AND-E2E-DESIGN.md": [
      {
        "type": "Secret Keyword",
        "filename": "docs/UI-WIZARD-COPY-AND-E2E-DESIGN.md",
        "hashed_secret": "b876c3f0cc3b886c368e45efbecd2819dc0dbd39",
        "is_verified": false,
        "line_number": 83
      },
      {
        "type": "Secret Keyword",
        "filename": "docs/UI-WIZARD-COPY-AND-E2E-DESIGN.md",
        "hashed_secret": "ea226b7d94f081317be21578c7c26d7a7081b5a4",
        "is_verified": false,
        "line_number": 86
      }
    ],
    "scripts/e2e-workflow-generator.sh": [
      {
        "type": "Secret Keyword",
        "filename": "scripts/e2e-workflow-generator.sh",
        "hashed_secret": "840432d1d733bf5963d9819179ae476d81ab7984",
        "is_verified": false,
        "line_number": 36
      }
    ],
    "src/api/auth/friday-rate-limit-service.types.ts": [
      {
        "type": "Secret Keyword",
        "filename": "src/api/auth/friday-rate-limit-service.types.ts",
        "hashed_secret": "76ed0a056aa77060de25754586440cff390791d0",
        "is_verified": false,
        "line_number": 11
      }
    ],
    "src/api/http/routes/friday-auth-routes.ts": [
      {
        "type": "Secret Keyword",
        "filename": "src/api/http/routes/friday-auth-routes.ts",
        "hashed_secret": "ecb252044b5ea0f679ee78ec1a12904739e2904d",
        "is_verified": false,
        "line_number": 252
      }
    ],
    "src/api/http/routes/friday-provider-routes.ts": [
      {
        "type": "Secret Keyword",
        "filename": "src/api/http/routes/friday-provider-routes.ts",
        "hashed_secret": "ecb252044b5ea0f679ee78ec1a12904739e2904d",
        "is_verified": false,
        "line_number": 283
      }
    ],
    "src/api/http/routes/friday-setup-routes.ts": [
      {
        "type": "Secret Keyword",
        "filename": "src/api/http/routes/friday-setup-routes.ts",
        "hashed_secret": "ecb252044b5ea0f679ee78ec1a12904739e2904d",
        "is_verified": false,
        "line_number": 2214
      }
    ],
    "src/media-understanding/friday-media-doctor.ts": [
      {
        "type": "Base64 High Entropy String",
        "filename": "src/media-understanding/friday-media-doctor.ts",
        "hashed_secret": "ddd29dbbde1da73d66c5d007cd601350689633a7",
        "is_verified": false,
        "line_number": 23
      }
    ],
    "src/media-understanding/providers/friday-openai-vision-provider.ts": [
      {
        "type": "Secret Keyword",
        "filename": "src/media-understanding/providers/friday-openai-vision-provider.ts",
        "hashed_secret": "ecb252044b5ea0f679ee78ec1a12904739e2904d",
        "is_verified": false,
        "line_number": 60
      }
    ],
    "src/observability/model/friday-observability.types.ts": [
      {
        "type": "Hex High Entropy String",
        "filename": "src/observability/model/friday-observability.types.ts",
        "hashed_secret": "d4ad5537d2fcecf5b872e41e902dfcee7038a3de",
        "is_verified": false,
        "line_number": 436
      }
    ],
    "src/providers/services/friday-provider-service.ts": [
      {
        "type": "Secret Keyword",
        "filename": "src/providers/services/friday-provider-service.ts",
        "hashed_secret": "90c5d1358d128117989fc21f2897a25c99205e50",
        "is_verified": false,
        "line_number": 103
      }
    ],
    "src/security/multi-tenant/api/friday-multi-tenant-security-api.types.ts": [
      {
        "type": "Secret Keyword",
        "filename": "src/security/multi-tenant/api/friday-multi-tenant-security-api.types.ts",
        "hashed_secret": "5d95755b9c9c2ce7e7dc28eb9cacd360f43bb946",
        "is_verified": false,
        "line_number": 100
      },
      {
        "type": "Secret Keyword",
        "filename": "src/security/multi-tenant/api/friday-multi-tenant-security-api.types.ts",
        "hashed_secret": "cbae658b9bcdf09ee306eaf0b4ca4bc6a0a4554d",
        "is_verified": false,
        "line_number": 102
      },
      {
        "type": "Secret Keyword",
        "filename": "src/security/multi-tenant/api/friday-multi-tenant-security-api.types.ts",
        "hashed_secret": "cad50cc9690e801b1ff03302768d0bc6afb52020",
        "is_verified": false,
        "line_number": 104
      },
      {
        "type": "Secret Keyword",
        "filename": "src/security/multi-tenant/api/friday-multi-tenant-security-api.types.ts",
        "hashed_secret": "79a24d6b1ea1ca33e7893a136270bda344071acc",
        "is_verified": false,
        "line_number": 106
      },
      {
        "type": "Secret Keyword",
        "filename": "src/security/multi-tenant/api/friday-multi-tenant-security-api.types.ts",
        "hashed_secret": "3e65ee9aecd242735ce1ee938ffe5898fe6c60c4",
        "is_verified": false,
        "line_number": 108
      }
    ],
    "src/security/multi-tenant/engine/friday-tenant-scoped-secret-bridge.ts": [
      {
        "type": "Secret Keyword",
        "filename": "src/security/multi-tenant/engine/friday-tenant-scoped-secret-bridge.ts",
        "hashed_secret": "fc8a86cd0e0346dc2f2597a0409e8fc3b0c7393f",
        "is_verified": false,
        "line_number": 51
      }
    ],
    "src/skills/converter/discovery/friday-program-scanner-win32.ts": [
      {
        "type": "Base64 High Entropy String",
        "filename": "src/skills/converter/discovery/friday-program-scanner-win32.ts",
        "hashed_secret": "e4f5921f23b62164752ffe74487a5b825a624d1a",
        "is_verified": false,
        "line_number": 25
      }
    ],
    "src/state/sqlite/migrations/v031-rules-persistence.ts": [
      {
        "type": "Hex High Entropy String",
        "filename": "src/state/sqlite/migrations/v031-rules-persistence.ts",
        "hashed_secret": "284db10da4aa92460aa58f0971de18953ce4c306",
        "is_verified": false,
        "line_number": 97
      }
    ],
    "src/state/sqlite/migrations/v032-playbook-persistence.ts": [
      {
        "type": "Hex High Entropy String",
        "filename": "src/state/sqlite/migrations/v032-playbook-persistence.ts",
        "hashed_secret": "761a98da6f4807d35fe92b1219ee15b3e94f4275",
        "is_verified": false,
        "line_number": 141
      }
    ],
    "test/adversarial/auth-abuse.test.ts": [
      {
        "type": "Secret Keyword",
        "filename": "test/adversarial/auth-abuse.test.ts",
        "hashed_secret": "ee71370658efcf6b82c3ddd72459c058e607f17d",
        "is_verified": false,
        "line_number": 47
      },
      {
        "type": "Secret Keyword",
        "filename": "test/adversarial/auth-abuse.test.ts",
        "hashed_secret": "a4b48a81cdab1e1a5dd37907d6c85ca1c61ddc7c",
        "is_verified": false,
        "line_number": 89
      },
      {
        "type": "Secret Keyword",
        "filename": "test/adversarial/auth-abuse.test.ts",
        "hashed_secret": "862f5781659199eb19ac958f167f482d797e9709",
        "is_verified": false,
        "line_number": 145
      },
      {
        "type": "Secret Keyword",
        "filename": "test/adversarial/auth-abuse.test.ts",
        "hashed_secret": "f87dfc852418f06a8392c44a7a5f565ac792d435",
        "is_verified": false,
        "line_number": 151
      },
      {
        "type": "Secret Keyword",
        "filename": "test/adversarial/auth-abuse.test.ts",
        "hashed_secret": "8cae700f70a1067c380a1a71a18a61b0abe8d5d9",
        "is_verified": false,
        "line_number": 307
      },
      {
        "type": "Secret Keyword",
        "filename": "test/adversarial/auth-abuse.test.ts",
        "hashed_secret": "2b46bdfebab929128beeecfe61111fcce9ecb934",
        "is_verified": false,
        "line_number": 347
      },
      {
        "type": "Secret Keyword",
        "filename": "test/adversarial/auth-abuse.test.ts",
        "hashed_secret": "77361fca965b3e53ff81a5d48525ca8adb8a9b87",
        "is_verified": false,
        "line_number": 381
      },
      {
        "type": "Secret Keyword",
        "filename": "test/adversarial/auth-abuse.test.ts",
        "hashed_secret": "c5fe0200d1c7a5139bd18fd22268c4ca8bf45e90",
        "is_verified": false,
        "line_number": 396
      }
    ],
    "test/contracts/api/friday-api-route-contract.snapshot.test.ts": [
      {
        "type": "Secret Keyword",
        "filename": "test/contracts/api/friday-api-route-contract.snapshot.test.ts",
        "hashed_secret": "935276cbfc4662c63a33092dbe3e9f6fce4f77dd",
        "is_verified": false,
        "line_number": 55
      }
    ],
    "test/e2e/api/_helpers/friday-api-test-server.helper.ts": [
      {
        "type": "Secret Keyword",
        "filename": "test/e2e/api/_helpers/friday-api-test-server.helper.ts",
        "hashed_secret": "c037ddcf4baaba918834d51ca46cd88ec704c283",
        "is_verified": false,
        "line_number": 46
      }
    ],
    "test/e2e/cli/friday-cli-start-runtime.test.ts": [
      {
        "type": "Secret Keyword",
        "filename": "test/e2e/cli/friday-cli-start-runtime.test.ts",
        "hashed_secret": "5f4e9ae746ce8647185c6f12ee343d65dfd5b590",
        "is_verified": false,
        "line_number": 25
      }
    ],
    "test/e2e/mock/friday-mock-journeys.e2e.test.ts": [
      {
        "type": "Secret Keyword",
        "filename": "test/e2e/mock/friday-mock-journeys.e2e.test.ts",
        "hashed_secret": "ebd9cc347535927ca5893b0d1f1fc15fbca9b91d",
        "is_verified": false,
        "line_number": 454
      }
    ],
    "test/e2e/mock/friday-mock-provider-matrix.e2e.test.ts": [
      {
        "type": "Secret Keyword",
        "filename": "test/e2e/mock/friday-mock-provider-matrix.e2e.test.ts",
        "hashed_secret": "a8bee6dd2bbf5bf8303b391c191e2cf38515f4a8",
        "is_verified": false,
        "line_number": 66
      }
    ],
    "test/e2e/setup-wizard.e2e.test.ts": [
      {
        "type": "Secret Keyword",
        "filename": "test/e2e/setup-wizard.e2e.test.ts",
        "hashed_secret": "9d6c140e80814290940bd258644431f5d4255fd4",
        "is_verified": false,
        "line_number": 1484
      },
      {
        "type": "Secret Keyword",
        "filename": "test/e2e/setup-wizard.e2e.test.ts",
        "hashed_secret": "1800af6e29fca70d9b324a27c567a5403d655429",
        "is_verified": false,
        "line_number": 1506
      }
    ],
    "test/integration/providers/friday-provider-service-lifecycle.test.ts": [
      {
        "type": "Secret Keyword",
        "filename": "test/integration/providers/friday-provider-service-lifecycle.test.ts",
        "hashed_secret": "b442e3565a2e01950b68b938201e59ac8c43569c",
        "is_verified": false,
        "line_number": 94
      }
    ],
    "test/unit/agent/runtime/friday-agent-llm-client.test.ts": [
      {
        "type": "Secret Keyword",
        "filename": "test/unit/agent/runtime/friday-agent-llm-client.test.ts",
        "hashed_secret": "3acfb2c2b433c0ea7ff107e33df91b18e52f960f",
        "is_verified": false,
        "line_number": 60
      },
      {
        "type": "Secret Keyword",
        "filename": "test/unit/agent/runtime/friday-agent-llm-client.test.ts",
        "hashed_secret": "48854c46907b8f99e4c4c711f3fb7336a93bc290",
        "is_verified": false,
        "line_number": 150
      }
    ],
    "test/unit/agent/runtime/friday-agent-tool-risk.test.ts": [
      {
        "type": "Secret Keyword",
        "filename": "test/unit/agent/runtime/friday-agent-tool-risk.test.ts",
        "hashed_secret": "d14babe099a92466c4efa49400806772a6c097cd",
        "is_verified": false,
        "line_number": 339
      }
    ],
    "test/unit/api/auth/friday-auth-middleware.test.ts": [
      {
        "type": "Secret Keyword",
        "filename": "test/unit/api/auth/friday-auth-middleware.test.ts",
        "hashed_secret": "fe1bae27cb7c1fb823f496f286e78f1d2ae87734",
        "is_verified": false,
        "line_number": 19
      }
    ],
    "test/unit/api/auth/friday-auth-service-revocation.test.ts": [
      {
        "type": "Secret Keyword",
        "filename": "test/unit/api/auth/friday-auth-service-revocation.test.ts",
        "hashed_secret": "c0e8a667fc342fbab753015a44743ab36200c801",
        "is_verified": false,
        "line_number": 12
      }
    ],
    "test/unit/api/auth/friday-auth-service-scrypt.test.ts": [
      {
        "type": "Secret Keyword",
        "filename": "test/unit/api/auth/friday-auth-service-scrypt.test.ts",
        "hashed_secret": "c0e8a667fc342fbab753015a44743ab36200c801",
        "is_verified": false,
        "line_number": 12
      },
      {
        "type": "Secret Keyword",
        "filename": "test/unit/api/auth/friday-auth-service-scrypt.test.ts",
        "hashed_secret": "6809ffccad03b80fa1fbc32c17e7e054805ec30b",
        "is_verified": false,
        "line_number": 65
      },
      {
        "type": "Secret Keyword",
        "filename": "test/unit/api/auth/friday-auth-service-scrypt.test.ts",
        "hashed_secret": "a4b48a81cdab1e1a5dd37907d6c85ca1c61ddc7c",
        "is_verified": false,
        "line_number": 102
      },
      {
        "type": "Secret Keyword",
        "filename": "test/unit/api/auth/friday-auth-service-scrypt.test.ts",
        "hashed_secret": "3c7344ffb35c391e5db3fe1d5a0adce7c8dce0b1",
        "is_verified": false,
        "line_number": 131
      }
    ],
    "test/unit/api/auth/friday-auth-service-sec001.test.ts": [
      {
        "type": "Secret Keyword",
        "filename": "test/unit/api/auth/friday-auth-service-sec001.test.ts",
        "hashed_secret": "c0e8a667fc342fbab753015a44743ab36200c801",
        "is_verified": false,
        "line_number": 10
      }
    ],
    "test/unit/api/auth/friday-auth-service.test.ts": [
      {
        "type": "Secret Keyword",
        "filename": "test/unit/api/auth/friday-auth-service.test.ts",
        "hashed_secret": "c0e8a667fc342fbab753015a44743ab36200c801",
        "is_verified": false,
        "line_number": 13
      },
      {
        "type": "Secret Keyword",
        "filename": "test/unit/api/auth/friday-auth-service.test.ts",
        "hashed_secret": "6809ffccad03b80fa1fbc32c17e7e054805ec30b",
        "is_verified": false,
        "line_number": 257
      },
      {
        "type": "Secret Keyword",
        "filename": "test/unit/api/auth/friday-auth-service.test.ts",
        "hashed_secret": "8867c88b56e0bfb82cffaf15a66bc8d107d6754a",
        "is_verified": false,
        "line_number": 284
      },
      {
        "type": "Secret Keyword",
        "filename": "test/unit/api/auth/friday-auth-service.test.ts",
        "hashed_secret": "ce77798dc40945979f340e376e69b0d043c1e1e0",
        "is_verified": false,
        "line_number": 342
      },
      {
        "type": "Secret Keyword",
        "filename": "test/unit/api/auth/friday-auth-service.test.ts",
        "hashed_secret": "05d83970b7ed1c839f218a5f611ed5ed89a43148",
        "is_verified": false,
        "line_number": 362
      },
      {
        "type": "Secret Keyword",
        "filename": "test/unit/api/auth/friday-auth-service.test.ts",
        "hashed_secret": "a4b48a81cdab1e1a5dd37907d6c85ca1c61ddc7c",
        "is_verified": false,
        "line_number": 389
      },
      {
        "type": "Secret Keyword",
        "filename": "test/unit/api/auth/friday-auth-service.test.ts",
        "hashed_secret": "1902e3d6fc4e78a0bcc50ba12b882769afbf4a8c",
        "is_verified": false,
        "line_number": 529
      }
    ],
    "test/unit/api/auth/friday-token-validator.test.ts": [
      {
        "type": "Secret Keyword",
        "filename": "test/unit/api/auth/friday-token-validator.test.ts",
        "hashed_secret": "d4e0e04792fd434b5dc9c4155c178f66edcf4ed3",
        "is_verified": false,
        "line_number": 10
      }
    ],
    "test/unit/api/http/routes/friday-api-audit-fixes.test.ts": [
      {
        "type": "Secret Keyword",
        "filename": "test/unit/api/http/routes/friday-api-audit-fixes.test.ts",
        "hashed_secret": "065c5c297f3c4990036a488c5b6c2a73075d439b",
        "is_verified": false,
        "line_number": 481
      }
    ],
    "test/unit/api/http/routes/friday-auth-routes.test.ts": [
      {
        "type": "Secret Keyword",
        "filename": "test/unit/api/http/routes/friday-auth-routes.test.ts",
        "hashed_secret": "3b5910f25dbc879c344ca806b582efb0da6ffa6f",
        "is_verified": false,
        "line_number": 33
      }
    ],
    "test/unit/api/http/routes/friday-multi-tenant-security-routes.test.ts": [
      {
        "type": "Secret Keyword",
        "filename": "test/unit/api/http/routes/friday-multi-tenant-security-routes.test.ts",
        "hashed_secret": "67d49168a665fd70c8f9612b7cb5f42d399f4d5a",
        "is_verified": false,
        "line_number": 509
      },
      {
        "type": "Secret Keyword",
        "filename": "test/unit/api/http/routes/friday-multi-tenant-security-routes.test.ts",
        "hashed_secret": "ae06c6741e21874214df88ce9cf56acfe06f5ea5",
        "is_verified": false,
        "line_number": 519
      }
    ],
    "test/unit/api/http/routes/friday-realtime-routes.test.ts": [
      {
        "type": "Secret Keyword",
        "filename": "test/unit/api/http/routes/friday-realtime-routes.test.ts",
        "hashed_secret": "fe1bae27cb7c1fb823f496f286e78f1d2ae87734",
        "is_verified": false,
        "line_number": 46
      }
    ],
    "test/unit/api/http/routes/friday-skill-converter-routes.test.ts": [
      {
        "type": "Hex High Entropy String",
        "filename": "test/unit/api/http/routes/friday-skill-converter-routes.test.ts",
        "hashed_secret": "90bd1b48e958257948487b90bee080ba5ed00caa",
        "is_verified": false,
        "line_number": 115
      }
    ],
    "test/unit/api/realtime/friday-realtime-ws-gateway.test.ts": [
      {
        "type": "Secret Keyword",
        "filename": "test/unit/api/realtime/friday-realtime-ws-gateway.test.ts",
        "hashed_secret": "71df888bc5fbf8e09f797e223d70eebfabada055",
        "is_verified": false,
        "line_number": 33
      }
    ],
    "test/unit/api/runtime/friday-api-runtime-memory-guard-registration.test.ts": [
      {
        "type": "Secret Keyword",
        "filename": "test/unit/api/runtime/friday-api-runtime-memory-guard-registration.test.ts",
        "hashed_secret": "3ce83cae6591f6b764c1d581f3c4bd4b7e5a07c3",
        "is_verified": false,
        "line_number": 69
      }
    ],
    "test/unit/api/runtime/friday-api-runtime-memory-registration.test.ts": [
      {
        "type": "Secret Keyword",
        "filename": "test/unit/api/runtime/friday-api-runtime-memory-registration.test.ts",
        "hashed_secret": "3ce83cae6591f6b764c1d581f3c4bd4b7e5a07c3",
        "is_verified": false,
        "line_number": 69
      }
    ],
    "test/unit/api/runtime/friday-api-runtime-revocation-persistence.test.ts": [
      {
        "type": "Secret Keyword",
        "filename": "test/unit/api/runtime/friday-api-runtime-revocation-persistence.test.ts",
        "hashed_secret": "3b07d4cbc3e5586302c7c8aff872ff7523d9ded1",
        "is_verified": false,
        "line_number": 10
      }
    ],
    "test/unit/api/runtime/friday-api-runtime-session-registration.test.ts": [
      {
        "type": "Secret Keyword",
        "filename": "test/unit/api/runtime/friday-api-runtime-session-registration.test.ts",
        "hashed_secret": "3ce83cae6591f6b764c1d581f3c4bd4b7e5a07c3",
        "is_verified": false,
        "line_number": 71
      }
    ],
    "test/unit/api/runtime/friday-api-runtime-token-revocation.test.ts": [
      {
        "type": "Secret Keyword",
        "filename": "test/unit/api/runtime/friday-api-runtime-token-revocation.test.ts",
        "hashed_secret": "3b07d4cbc3e5586302c7c8aff872ff7523d9ded1",
        "is_verified": false,
        "line_number": 11
      }
    ],
    "test/unit/api/runtime/friday-api-runtime-workflow-generator-registration.test.ts": [
      {
        "type": "Secret Keyword",
        "filename": "test/unit/api/runtime/friday-api-runtime-workflow-generator-registration.test.ts",
        "hashed_secret": "fe1bae27cb7c1fb823f496f286e78f1d2ae87734",
        "is_verified": false,
        "line_number": 55
      }
    ],
    "test/unit/channels/lark/friday-lark-channel.test.ts": [
      {
        "type": "Secret Keyword",
        "filename": "test/unit/channels/lark/friday-lark-channel.test.ts",
        "hashed_secret": "5332dacad20a47ed30ac276f31420d348a122341",
        "is_verified": false,
        "line_number": 207
      }
    ],
    "test/unit/channels/line/friday-line-channel.test.ts": [
      {
        "type": "Secret Keyword",
        "filename": "test/unit/channels/line/friday-line-channel.test.ts",
        "hashed_secret": "e5e9fa1ba31ecd1ae84f75caaa474f3a663f05f4",
        "is_verified": false,
        "line_number": 104
      }
    ],
    "test/unit/channels/qq/friday-qq-channel.test.ts": [
      {
        "type": "Secret Keyword",
        "filename": "test/unit/channels/qq/friday-qq-channel.test.ts",
        "hashed_secret": "fe1bae27cb7c1fb823f496f286e78f1d2ae87734",
        "is_verified": false,
        "line_number": 118
      }
    ],
    "test/unit/channels/slack/friday-slack-channel.test.ts": [
      {
        "type": "Secret Keyword",
        "filename": "test/unit/channels/slack/friday-slack-channel.test.ts",
        "hashed_secret": "bf511413aebc3f131703b84469caa6068779c18f",
        "is_verified": false,
        "line_number": 287
      },
      {
        "type": "Secret Keyword",
        "filename": "test/unit/channels/slack/friday-slack-channel.test.ts",
        "hashed_secret": "e5e9fa1ba31ecd1ae84f75caaa474f3a663f05f4",
        "is_verified": false,
        "line_number": 315
      }
    ],
    "test/unit/channels/whatsapp/whatsapp-webhook-signature.test.ts": [
      {
        "type": "Secret Keyword",
        "filename": "test/unit/channels/whatsapp/whatsapp-webhook-signature.test.ts",
        "hashed_secret": "1f4fb9af2e3a020dc52cf313a0f50926e442ad20",
        "is_verified": false,
        "line_number": 9
      }
    ],
    "test/unit/hub/bootstrap/hub-channel-secret-resolution.test.ts": [
      {
        "type": "Secret Keyword",
        "filename": "test/unit/hub/bootstrap/hub-channel-secret-resolution.test.ts",
        "hashed_secret": "41eaab877ca3a0e3aa14f5a4b7981f590e3c2bd6",
        "is_verified": false,
        "line_number": 21
      }
    ],
    "test/unit/hub/friday-hub-bootstrap-env.test.ts": [
      {
        "type": "Secret Keyword",
        "filename": "test/unit/hub/friday-hub-bootstrap-env.test.ts",
        "hashed_secret": "5c5a15a8b0b3e154d77746945e563ba40100681b",
        "is_verified": false,
        "line_number": 139
      },
      {
        "type": "Secret Keyword",
        "filename": "test/unit/hub/friday-hub-bootstrap-env.test.ts",
        "hashed_secret": "8a8281cec699f5e51330e21dd7fab3531af6ef0c",
        "is_verified": false,
        "line_number": 140
      }
    ],
    "test/unit/media-understanding/friday-openai-vision-provider.test.ts": [
      {
        "type": "Base64 High Entropy String",
        "filename": "test/unit/media-understanding/friday-openai-vision-provider.test.ts",
        "hashed_secret": "fca43972d2c027b648b0ccd9649b61d0eaac6873",
        "is_verified": false,
        "line_number": 225
      }
    ],
    "test/unit/plugins/security/friday-plugin-signature-verifier.test.ts": [
      {
        "type": "Hex High Entropy String",
        "filename": "test/unit/plugins/security/friday-plugin-signature-verifier.test.ts",
        "hashed_secret": "90bd1b48e958257948487b90bee080ba5ed00caa",
        "is_verified": false,
        "line_number": 6
      }
    ],
    "test/unit/providers/services/friday-provider-service.test.ts": [
      {
        "type": "Secret Keyword",
        "filename": "test/unit/providers/services/friday-provider-service.test.ts",
        "hashed_secret": "03893148454cd166042952b6e9e3a28dc376253e",
        "is_verified": false,
        "line_number": 250
      },
      {
        "type": "Secret Keyword",
        "filename": "test/unit/providers/services/friday-provider-service.test.ts",
        "hashed_secret": "4766debf90628d4f4e1f0fa855f6c2fd1be07fbc",
        "is_verified": false,
        "line_number": 268
      },
      {
        "type": "Secret Keyword",
        "filename": "test/unit/providers/services/friday-provider-service.test.ts",
        "hashed_secret": "e5dee5d8a3b145b7ad98c144117ec048267d081e",
        "is_verified": false,
        "line_number": 2859
      },
      {
        "type": "Secret Keyword",
        "filename": "test/unit/providers/services/friday-provider-service.test.ts",
        "hashed_secret": "75edc4331554c94b0129b60f3d1af4eba2c43728",
        "is_verified": false,
        "line_number": 3118
      }
    ],
    "test/unit/rules/engine/context-redactor.test.ts": [
      {
        "type": "Secret Keyword",
        "filename": "test/unit/rules/engine/context-redactor.test.ts",
        "hashed_secret": "fef341f85d87439e7d91a2d465b9871ef66b5e98",
        "is_verified": false,
        "line_number": 8
      },
      {
        "type": "Secret Keyword",
        "filename": "test/unit/rules/engine/context-redactor.test.ts",
        "hashed_secret": "a00eada80f974d9446d54719567f67349cdc2d34",
        "is_verified": false,
        "line_number": 9
      },
      {
        "type": "Secret Keyword",
        "filename": "test/unit/rules/engine/context-redactor.test.ts",
        "hashed_secret": "ec60d1536908ac682bcd69e416e48b2b0853e7ee",
        "is_verified": false,
        "line_number": 10
      },
      {
        "type": "Secret Keyword",
        "filename": "test/unit/rules/engine/context-redactor.test.ts",
        "hashed_secret": "0c731a5f1dc781894b434c27b9f6a9cd9d9bdfcb",
        "is_verified": false,
        "line_number": 12
      },
      {
        "type": "Secret Keyword",
        "filename": "test/unit/rules/engine/context-redactor.test.ts",
        "hashed_secret": "e5e9fa1ba31ecd1ae84f75caaa474f3a663f05f4",
        "is_verified": false,
        "line_number": 88
      },
      {
        "type": "Secret Keyword",
        "filename": "test/unit/rules/engine/context-redactor.test.ts",
        "hashed_secret": "e48c47f1431afd3bb030deea266b4309e2228c5b",
        "is_verified": false,
        "line_number": 89
      },
      {
        "type": "Secret Keyword",
        "filename": "test/unit/rules/engine/context-redactor.test.ts",
        "hashed_secret": "dfd51d0b254c71a284e783b4be7d393fb3c0caa5",
        "is_verified": false,
        "line_number": 99
      }
    ],
    "test/unit/satellites/protocol/friday-ack-resume-validator.test.ts": [
      {
        "type": "Secret Keyword",
        "filename": "test/unit/satellites/protocol/friday-ack-resume-validator.test.ts",
        "hashed_secret": "6dd4cd8633fc12024ae4f042d6dff954bd56cfa2",
        "is_verified": false,
        "line_number": 7
      }
    ],
    "test/unit/satellites/protocol/friday-resume-cursor-signer.test.ts": [
      {
        "type": "Secret Keyword",
        "filename": "test/unit/satellites/protocol/friday-resume-cursor-signer.test.ts",
        "hashed_secret": "d4e6c7f25a0c62162f040978a39848225644dbcd",
        "is_verified": false,
        "line_number": 5
      }
    ],
    "test/unit/satellites/services/friday-satellite-pairing-service.test.ts": [
      {
        "type": "Secret Keyword",
        "filename": "test/unit/satellites/services/friday-satellite-pairing-service.test.ts",
        "hashed_secret": "c2f7ae09cb49302e2d3b498ee1e5bc40b0a95bf0",
        "is_verified": false,
        "line_number": 47
      }
    ],
    "test/unit/satellites/services/friday-satellite-sync-service.test.ts": [
      {
        "type": "Secret Keyword",
        "filename": "test/unit/satellites/services/friday-satellite-sync-service.test.ts",
        "hashed_secret": "029af2308b7f5caee8c1f6ea73dd461487d3e562",
        "is_verified": false,
        "line_number": 13
      }
    ],
    "test/unit/security/multi-tenant/engine/friday-tenant-scoped-secret-bridge.test.ts": [
      {
        "type": "Secret Keyword",
        "filename": "test/unit/security/multi-tenant/engine/friday-tenant-scoped-secret-bridge.test.ts",
        "hashed_secret": "501332ec816d4eeb483de1dac314f6723ef96b83",
        "is_verified": false,
        "line_number": 88
      }
    ],
    "test/unit/skills/converter/converters/friday-recording-converter.test.ts": [
      {
        "type": "Secret Keyword",
        "filename": "test/unit/skills/converter/converters/friday-recording-converter.test.ts",
        "hashed_secret": "e5e9fa1ba31ecd1ae84f75caaa474f3a663f05f4",
        "is_verified": false,
        "line_number": 63
      }
    ],
    "test/unit/state/sqlite/friday-migration-runner.test.ts": [
      {
        "type": "Hex High Entropy String",
        "filename": "test/unit/state/sqlite/friday-migration-runner.test.ts",
        "hashed_secret": "284db10da4aa92460aa58f0971de18953ce4c306",
        "is_verified": false,
        "line_number": 118
      },
      {
        "type": "Hex High Entropy String",
        "filename": "test/unit/state/sqlite/friday-migration-runner.test.ts",
        "hashed_secret": "761a98da6f4807d35fe92b1219ee15b3e94f4275",
        "is_verified": false,
        "line_number": 122
      }
    ],
    "test/unit/validation/real-world-local-auth.test.ts": [
      {
        "type": "Base64 High Entropy String",
        "filename": "test/unit/validation/real-world-local-auth.test.ts",
        "hashed_secret": "fb25b1814a4dfd644bfd5746283fb0243086b997",
        "is_verified": false,
        "line_number": 28
      },
      {
        "type": "Secret Keyword",
        "filename": "test/unit/validation/real-world-local-auth.test.ts",
        "hashed_secret": "6b12894899598aca2ba1cf29690e9951429f223a",
        "is_verified": false,
        "line_number": 38
      },
      {
        "type": "Secret Keyword",
        "filename": "test/unit/validation/real-world-local-auth.test.ts",
        "hashed_secret": "13d3497640d8b39b9471cfad552fee5141e6318f",
        "is_verified": false,
        "line_number": 50
      }
    ],
    "validation/real-world/lib/local-auth.mjs": [
      {
        "type": "Secret Keyword",
        "filename": "validation/real-world/lib/local-auth.mjs",
        "hashed_secret": "ecb252044b5ea0f679ee78ec1a12904739e2904d",
        "is_verified": false,
        "line_number": 236
      }
    ]
  },
  "generated_at": "2026-07-14T06:50:14Z"
}
