// Vitest Snapshot v1, https://vitest.dev/guide/snapshot.html

exports[`MECHANISM-4 — API Route Contract (Snapshot) > captures route count to detect accidental additions/removals 1`] = `278`;

exports[`MECHANISM-4 — API Route Contract (Snapshot) > captures the full route surface as a stable contract 1`] = `
[
  {
    "authKind": "public",
    "index": 0,
    "method": "GET",
    "operationId": "health.check",
    "path": "/v1/health",
    "rateLimitPolicyId": null,
    "roles": [],
    "scopes": [],
  },
  {
    "authKind": "public",
    "index": 1,
    "method": "GET",
    "operationId": "version.get",
    "path": "/v1/version",
    "rateLimitPolicyId": null,
    "roles": [],
    "scopes": [],
  },
  {
    "authKind": "authenticated",
    "index": 2,
    "method": "GET",
    "operationId": "config.get",
    "path": "/v1/config",
    "rateLimitPolicyId": null,
    "roles": [],
    "scopes": [
      "hub.admin",
    ],
  },
  {
    "authKind": "authenticated",
    "index": 3,
    "method": "PATCH",
    "operationId": "config.update",
    "path": "/v1/config",
    "rateLimitPolicyId": null,
    "roles": [],
    "scopes": [
      "hub.admin",
    ],
  },
  {
    "authKind": "authenticated",
    "index": 4,
    "method": "GET",
    "operationId": "config.revisions.list",
    "path": "/v1/config/revisions",
    "rateLimitPolicyId": null,
    "roles": [],
    "scopes": [
      "hub.admin",
    ],
  },
  {
    "authKind": "authenticated",
    "index": 5,
    "method": "POST",
    "operationId": "config.revisions.revert",
    "path": "/v1/config/revert",
    "rateLimitPolicyId": null,
    "roles": [],
    "scopes": [
      "hub.admin",
    ],
  },
  {
    "authKind": "public",
    "index": 6,
    "method": "GET",
    "operationId": "auth.bootstrap.status",
    "path": "/v1/auth/bootstrap/status",
    "rateLimitPolicyId": null,
    "roles": [],
    "scopes": [],
  },
  {
    "authKind": "public",
    "index": 7,
    "method": "POST",
    "operationId": "auth.bootstrap.local.passphrase",
    "path": "/v1/auth/bootstrap/local-passphrase",
    "rateLimitPolicyId": "auth.login",
    "roles": [],
    "scopes": [],
  },
  {
    "authKind": "public",
    "index": 8,
    "method": "POST",
    "operationId": "auth.login",
    "path": "/v1/auth/login",
    "rateLimitPolicyId": "auth.login",
    "roles": [],
    "scopes": [],
  },
  {
    "authKind": "public",
    "index": 9,
    "method": "POST",
    "operationId": "auth.refresh",
    "path": "/v1/auth/refresh",
    "rateLimitPolicyId": "auth.refresh",
    "roles": [],
    "scopes": [],
  },
  {
    "authKind": "authenticated",
    "index": 10,
    "method": "POST",
    "operationId": "auth.logout",
    "path": "/v1/auth/logout",
    "rateLimitPolicyId": "auth.logout",
    "roles": [],
    "scopes": [
      "session.write",
    ],
  },
  {
    "authKind": "authenticated",
    "index": 11,
    "method": "GET",
    "operationId": "auth.me",
    "path": "/v1/auth/me",
    "rateLimitPolicyId": null,
    "roles": [],
    "scopes": [
      "session.read",
    ],
  },
  {
    "authKind": "authenticated",
    "index": 12,
    "method": "GET",
    "operationId": "secrets.list",
    "path": "/v1/secrets",
    "rateLimitPolicyId": null,
    "roles": [],
    "scopes": [
      "security.read",
    ],
  },
  {
    "authKind": "authenticated",
    "index": 13,
    "method": "GET",
    "operationId": "secrets.get",
    "path": "/v1/secrets/:secretId",
    "rateLimitPolicyId": null,
    "roles": [],
    "scopes": [
      "security.read",
    ],
  },
  {
    "authKind": "authenticated",
    "index": 14,
    "method": "POST",
    "operationId": "secrets.create",
    "path": "/v1/secrets",
    "rateLimitPolicyId": null,
    "roles": [],
    "scopes": [
      "security.write",
    ],
  },
  {
    "authKind": "authenticated",
    "index": 15,
    "method": "PATCH",
    "operationId": "secrets.update",
    "path": "/v1/secrets/:secretId",
    "rateLimitPolicyId": null,
    "roles": [],
    "scopes": [
      "security.write",
    ],
  },
  {
    "authKind": "authenticated",
    "index": 16,
    "method": "DELETE",
    "operationId": "secrets.delete",
    "path": "/v1/secrets/:secretId",
    "rateLimitPolicyId": null,
    "roles": [],
    "scopes": [
      "security.write",
    ],
  },
  {
    "authKind": "authenticated",
    "index": 17,
    "method": "GET",
    "operationId": "workflows.list",
    "path": "/v1/workflows",
    "rateLimitPolicyId": null,
    "roles": [],
    "scopes": [
      "workflow.read",
    ],
  },
  {
    "authKind": "authenticated",
    "index": 18,
    "method": "POST",
    "operationId": "workflows.create",
    "path": "/v1/workflows",
    "rateLimitPolicyId": null,
    "roles": [],
    "scopes": [
      "workflow.write",
    ],
  },
  {
    "authKind": "authenticated",
    "index": 19,
    "method": "GET",
    "operationId": "workflows.get",
    "path": "/v1/workflows/:workflowId",
    "rateLimitPolicyId": null,
    "roles": [],
    "scopes": [
      "workflow.read",
    ],
  },
  {
    "authKind": "authenticated",
    "index": 20,
    "method": "PATCH",
    "operationId": "workflows.update",
    "path": "/v1/workflows/:workflowId",
    "rateLimitPolicyId": null,
    "roles": [],
    "scopes": [
      "workflow.write",
    ],
  },
  {
    "authKind": "authenticated",
    "index": 21,
    "method": "DELETE",
    "operationId": "workflows.archive",
    "path": "/v1/workflows/:workflowId",
    "rateLimitPolicyId": null,
    "roles": [],
    "scopes": [
      "workflow.write",
    ],
  },
  {
    "authKind": "authenticated",
    "index": 22,
    "method": "POST",
    "operationId": "workflows.publish",
    "path": "/v1/workflows/:workflowId/publish",
    "rateLimitPolicyId": "workflow.publish",
    "roles": [],
    "scopes": [
      "workflow.write",
    ],
  },
  {
    "authKind": "authenticated",
    "index": 23,
    "method": "GET",
    "operationId": "workflows.list.versions",
    "path": "/v1/workflows/:workflowId/versions",
    "rateLimitPolicyId": null,
    "roles": [],
    "scopes": [
      "workflow.read",
    ],
  },
  {
    "authKind": "authenticated",
    "index": 24,
    "method": "GET",
    "operationId": "workflow.versions.get",
    "path": "/v1/workflow-versions/:versionId",
    "rateLimitPolicyId": null,
    "roles": [],
    "scopes": [
      "workflow.read",
    ],
  },
  {
    "authKind": "authenticated",
    "index": 25,
    "method": "GET",
    "operationId": "templates.list",
    "path": "/v1/workflow-builder/templates",
    "rateLimitPolicyId": null,
    "roles": [],
    "scopes": [
      "workflow.read",
    ],
  },
  {
    "authKind": "authenticated",
    "index": 26,
    "method": "GET",
    "operationId": "templates.get",
    "path": "/v1/workflow-builder/templates/:templateId",
    "rateLimitPolicyId": null,
    "roles": [],
    "scopes": [
      "workflow.read",
    ],
  },
  {
    "authKind": "authenticated",
    "index": 27,
    "method": "POST",
    "operationId": "templates.instantiate",
    "path": "/v1/workflow-builder/templates/:templateId/instantiate",
    "rateLimitPolicyId": null,
    "roles": [],
    "scopes": [
      "workflow.write",
    ],
  },
  {
    "authKind": "authenticated",
    "index": 28,
    "method": "GET",
    "operationId": "drafts.list",
    "path": "/v1/workflows/:workflowId/drafts",
    "rateLimitPolicyId": null,
    "roles": [],
    "scopes": [
      "workflow.read",
    ],
  },
  {
    "authKind": "authenticated",
    "index": 29,
    "method": "POST",
    "operationId": "drafts.create",
    "path": "/v1/workflows/:workflowId/drafts",
    "rateLimitPolicyId": null,
    "roles": [],
    "scopes": [
      "workflow.write",
    ],
  },
  {
    "authKind": "authenticated",
    "index": 30,
    "method": "GET",
    "operationId": "drafts.get",
    "path": "/v1/workflows/:workflowId/drafts/:draftId",
    "rateLimitPolicyId": null,
    "roles": [],
    "scopes": [
      "workflow.read",
    ],
  },
  {
    "authKind": "authenticated",
    "index": 31,
    "method": "GET",
    "operationId": "drafts.export",
    "path": "/v1/workflows/:workflowId/drafts/:draftId/export",
    "rateLimitPolicyId": null,
    "roles": [],
    "scopes": [
      "workflow.read",
    ],
  },
  {
    "authKind": "authenticated",
    "index": 32,
    "method": "POST",
    "operationId": "workflows.bundles.import",
    "path": "/v1/workflows/:workflowId/import",
    "rateLimitPolicyId": null,
    "roles": [],
    "scopes": [
      "workflow.write",
    ],
  },
  {
    "authKind": "authenticated",
    "index": 33,
    "method": "PATCH",
    "operationId": "drafts.save",
    "path": "/v1/workflows/:workflowId/drafts/:draftId",
    "rateLimitPolicyId": null,
    "roles": [],
    "scopes": [
      "workflow.write",
    ],
  },
  {
    "authKind": "authenticated",
    "index": 34,
    "method": "POST",
    "operationId": "drafts.autosave",
    "path": "/v1/workflows/:workflowId/drafts/:draftId/autosave",
    "rateLimitPolicyId": null,
    "roles": [],
    "scopes": [
      "workflow.write",
    ],
  },
  {
    "authKind": "authenticated",
    "index": 35,
    "method": "POST",
    "operationId": "drafts.compile",
    "path": "/v1/workflows/:workflowId/drafts/:draftId/compile",
    "rateLimitPolicyId": null,
    "roles": [],
    "scopes": [
      "workflow.read",
    ],
  },
  {
    "authKind": "authenticated",
    "index": 36,
    "method": "POST",
    "operationId": "drafts.publish",
    "path": "/v1/workflows/:workflowId/drafts/:draftId/publish",
    "rateLimitPolicyId": "workflow.publish",
    "roles": [],
    "scopes": [
      "workflow.write",
    ],
  },
  {
    "authKind": "authenticated",
    "index": 37,
    "method": "POST",
    "operationId": "locks.acquire",
    "path": "/v1/workflows/:workflowId/locks/acquire",
    "rateLimitPolicyId": null,
    "roles": [],
    "scopes": [
      "workflow.write",
    ],
  },
  {
    "authKind": "authenticated",
    "index": 38,
    "method": "POST",
    "operationId": "locks.renew",
    "path": "/v1/workflows/:workflowId/locks/renew",
    "rateLimitPolicyId": null,
    "roles": [],
    "scopes": [
      "workflow.write",
    ],
  },
  {
    "authKind": "authenticated",
    "index": 39,
    "method": "POST",
    "operationId": "locks.release",
    "path": "/v1/workflows/:workflowId/locks/release",
    "rateLimitPolicyId": null,
    "roles": [],
    "scopes": [
      "workflow.write",
    ],
  },
  {
    "authKind": "authenticated",
    "index": 40,
    "method": "GET",
    "operationId": "workflows.overview",
    "path": "/v1/workflows/:workflowId/overview",
    "rateLimitPolicyId": null,
    "roles": [],
    "scopes": [
      "workflow.read",
    ],
  },
  {
    "authKind": "authenticated",
    "index": 41,
    "method": "GET",
    "operationId": "workflows.visualization",
    "path": "/v1/workflows/:workflowId/visualization",
    "rateLimitPolicyId": null,
    "roles": [],
    "scopes": [
      "workflow.read",
    ],
  },
  {
    "authKind": "authenticated",
    "index": 42,
    "method": "POST",
    "operationId": "workflows.deploy",
    "path": "/v1/workflows/:workflowId/drafts/:draftId/deploy",
    "rateLimitPolicyId": "workflow.publish",
    "roles": [],
    "scopes": [
      "workflow.write",
    ],
  },
  {
    "authKind": "authenticated",
    "index": 43,
    "method": "POST",
    "operationId": "runs.start",
    "path": "/v1/workflow-runs",
    "rateLimitPolicyId": "workflow.start_run",
    "roles": [],
    "scopes": [
      "workflow.run",
    ],
  },
  {
    "authKind": "authenticated",
    "index": 44,
    "method": "GET",
    "operationId": "runs.get",
    "path": "/v1/workflow-runs/:runId",
    "rateLimitPolicyId": null,
    "roles": [],
    "scopes": [
      "workflow.read",
    ],
  },
  {
    "authKind": "authenticated",
    "index": 45,
    "method": "GET",
    "operationId": "runs.list.nodes",
    "path": "/v1/workflow-runs/:runId/nodes",
    "rateLimitPolicyId": null,
    "roles": [],
    "scopes": [
      "workflow.read",
    ],
  },
  {
    "authKind": "authenticated",
    "index": 46,
    "method": "GET",
    "operationId": "runs.timeline",
    "path": "/v1/workflow-runs/:runId/timeline",
    "rateLimitPolicyId": null,
    "roles": [],
    "scopes": [
      "workflow.read",
    ],
  },
  {
    "authKind": "authenticated",
    "index": 47,
    "method": "GET",
    "operationId": "runs.evidence",
    "path": "/v1/workflow-runs/:runId/evidence",
    "rateLimitPolicyId": null,
    "roles": [],
    "scopes": [
      "workflow.read",
    ],
  },
  {
    "authKind": "authenticated",
    "index": 48,
    "method": "GET",
    "operationId": "runs.evidence.exports.list",
    "path": "/v1/workflow-runs/:runId/evidence/exports",
    "rateLimitPolicyId": null,
    "roles": [],
    "scopes": [
      "workflow.read",
    ],
  },
  {
    "authKind": "authenticated",
    "index": 49,
    "method": "POST",
    "operationId": "runs.evidence.export",
    "path": "/v1/workflow-runs/:runId/evidence/exports",
    "rateLimitPolicyId": null,
    "roles": [],
    "scopes": [
      "workflow.read",
    ],
  },
  {
    "authKind": "authenticated",
    "index": 50,
    "method": "GET",
    "operationId": "runs.evidence.exports.get",
    "path": "/v1/workflow-runs/:runId/evidence/exports/:exportId",
    "rateLimitPolicyId": null,
    "roles": [],
    "scopes": [
      "workflow.read",
    ],
  },
  {
    "authKind": "authenticated",
    "index": 51,
    "method": "GET",
    "operationId": "runs.evidence.exports.download",
    "path": "/v1/workflow-runs/:runId/evidence/exports/:exportId/download",
    "rateLimitPolicyId": null,
    "roles": [],
    "scopes": [
      "workflow.read",
    ],
  },
  {
    "authKind": "authenticated",
    "index": 52,
    "method": "POST",
    "operationId": "runs.cancel",
    "path": "/v1/workflow-runs/:runId/cancel",
    "rateLimitPolicyId": null,
    "roles": [],
    "scopes": [
      "workflow.run",
    ],
  },
  {
    "authKind": "authenticated",
    "index": 53,
    "method": "POST",
    "operationId": "runs.retry",
    "path": "/v1/workflow-runs/:runId/retry",
    "rateLimitPolicyId": null,
    "roles": [],
    "scopes": [
      "workflow.run",
    ],
  },
  {
    "authKind": "authenticated",
    "index": 54,
    "method": "POST",
    "operationId": "workflows.runs.resume",
    "path": "/v1/workflow-runs/:runId/resume",
    "rateLimitPolicyId": null,
    "roles": [],
    "scopes": [
      "workflow.run",
    ],
  },
  {
    "authKind": "authenticated",
    "index": 55,
    "method": "GET",
    "operationId": "workflows.approvals.list",
    "path": "/v1/workflow-approvals",
    "rateLimitPolicyId": null,
    "roles": [],
    "scopes": [
      "workflow.run",
    ],
  },
  {
    "authKind": "authenticated",
    "index": 56,
    "method": "GET",
    "operationId": "workflows.approvals.get",
    "path": "/v1/workflow-approvals/:approvalId",
    "rateLimitPolicyId": null,
    "roles": [],
    "scopes": [
      "workflow.run",
    ],
  },
  {
    "authKind": "authenticated",
    "index": 57,
    "method": "POST",
    "operationId": "workflows.approvals.approve",
    "path": "/v1/workflow-approvals/:approvalId/approve",
    "rateLimitPolicyId": null,
    "roles": [],
    "scopes": [
      "workflow.run",
    ],
  },
  {
    "authKind": "authenticated",
    "index": 58,
    "method": "POST",
    "operationId": "workflows.approvals.reject",
    "path": "/v1/workflow-approvals/:approvalId/reject",
    "rateLimitPolicyId": null,
    "roles": [],
    "scopes": [
      "workflow.run",
    ],
  },
  {
    "authKind": "authenticated",
    "index": 59,
    "method": "GET",
    "operationId": "approvals.list",
    "path": "/v1/approvals",
    "rateLimitPolicyId": null,
    "roles": [],
    "scopes": [
      "workflow.run",
    ],
  },
  {
    "authKind": "authenticated",
    "index": 60,
    "method": "GET",
    "operationId": "approvals.get",
    "path": "/v1/approvals/:approvalId",
    "rateLimitPolicyId": null,
    "roles": [],
    "scopes": [
      "workflow.run",
    ],
  },
  {
    "authKind": "authenticated",
    "index": 61,
    "method": "POST",
    "operationId": "approvals.approve",
    "path": "/v1/approvals/:approvalId/approve",
    "rateLimitPolicyId": null,
    "roles": [],
    "scopes": [
      "workflow.run",
    ],
  },
  {
    "authKind": "authenticated",
    "index": 62,
    "method": "POST",
    "operationId": "approvals.reject",
    "path": "/v1/approvals/:approvalId/reject",
    "rateLimitPolicyId": null,
    "roles": [],
    "scopes": [
      "workflow.run",
    ],
  },
  {
    "authKind": "authenticated",
    "index": 63,
    "method": "GET",
    "operationId": "workflows.triggers.list",
    "path": "/v1/workflows/:workflowId/triggers",
    "rateLimitPolicyId": null,
    "roles": [],
    "scopes": [
      "workflow.read",
    ],
  },
  {
    "authKind": "authenticated",
    "index": 64,
    "method": "PATCH",
    "operationId": "workflows.triggers.update",
    "path": "/v1/workflow-triggers/:registrationId",
    "rateLimitPolicyId": null,
    "roles": [],
    "scopes": [
      "workflow.write",
    ],
  },
  {
    "authKind": "authenticated",
    "index": 65,
    "method": "POST",
    "operationId": "workflows.triggers.resync",
    "path": "/v1/workflows/:workflowId/triggers/resync",
    "rateLimitPolicyId": null,
    "roles": [],
    "scopes": [
      "workflow.write",
    ],
  },
  {
    "authKind": "public",
    "index": 66,
    "method": "POST",
    "operationId": "workflows.webhooks.invoke",
    "path": "/v1/workflow-webhooks/:pathToken",
    "rateLimitPolicyId": null,
    "roles": [],
    "scopes": [],
  },
  {
    "authKind": "authenticated",
    "index": 67,
    "method": "GET",
    "operationId": "conflicts.list",
    "path": "/v1/workflows/:workflowId/conflicts",
    "rateLimitPolicyId": null,
    "roles": [],
    "scopes": [
      "workflow.read",
    ],
  },
  {
    "authKind": "authenticated",
    "index": 68,
    "method": "POST",
    "operationId": "conflicts.resolve",
    "path": "/v1/workflows/:workflowId/conflicts/:conflictId/resolve",
    "rateLimitPolicyId": "workflow.resolve_conflict",
    "roles": [],
    "scopes": [
      "workflow.conflict.resolve",
    ],
  },
  {
    "authKind": "authenticated",
    "index": 69,
    "method": "GET",
    "operationId": "fleet.overview",
    "path": "/v1/fleet/overview",
    "rateLimitPolicyId": null,
    "roles": [],
    "scopes": [
      "fleet.read",
    ],
  },
  {
    "authKind": "authenticated",
    "index": 70,
    "method": "GET",
    "operationId": "fleet.list.satellites",
    "path": "/v1/fleet/satellites",
    "rateLimitPolicyId": null,
    "roles": [],
    "scopes": [
      "fleet.read",
    ],
  },
  {
    "authKind": "authenticated",
    "index": 71,
    "method": "GET",
    "operationId": "fleet.get.satellite.detail",
    "path": "/v1/fleet/satellites/:satelliteId",
    "rateLimitPolicyId": null,
    "roles": [],
    "scopes": [
      "fleet.read",
    ],
  },
  {
    "authKind": "authenticated",
    "index": 72,
    "method": "GET",
    "operationId": "fleet.get.satellite.remediation",
    "path": "/v1/fleet/satellites/:satelliteId/remediation",
    "rateLimitPolicyId": null,
    "roles": [],
    "scopes": [
      "fleet.read",
    ],
  },
  {
    "authKind": "authenticated",
    "index": 73,
    "method": "POST",
    "operationId": "fleet.execute.satellite.remediation",
    "path": "/v1/fleet/satellites/:satelliteId/remediation/:actionId/execute",
    "rateLimitPolicyId": null,
    "roles": [],
    "scopes": [
      "hub.admin",
    ],
  },
  {
    "authKind": "authenticated",
    "index": 74,
    "method": "GET",
    "operationId": "security.center",
    "path": "/v1/security/center",
    "rateLimitPolicyId": null,
    "roles": [],
    "scopes": [
      "security.read",
    ],
  },
  {
    "authKind": "authenticated",
    "index": 75,
    "method": "POST",
    "operationId": "security.revoke.token",
    "path": "/v1/security/tokens/revoke",
    "rateLimitPolicyId": null,
    "roles": [],
    "scopes": [
      "security.write",
    ],
  },
  {
    "authKind": "authenticated",
    "index": 76,
    "method": "POST",
    "operationId": "security.revoke.satellite",
    "path": "/v1/security/satellites/:satelliteId/revoke",
    "rateLimitPolicyId": null,
    "roles": [],
    "scopes": [
      "security.write",
    ],
  },
  {
    "authKind": "authenticated",
    "index": 77,
    "method": "POST",
    "operationId": "deeplink.preview",
    "path": "/v1/deeplink/preview",
    "rateLimitPolicyId": null,
    "roles": [],
    "scopes": [
      "hub.admin",
    ],
  },
  {
    "authKind": "authenticated",
    "index": 78,
    "method": "POST",
    "operationId": "deeplink.apply",
    "path": "/v1/deeplink/apply",
    "rateLimitPolicyId": null,
    "roles": [],
    "scopes": [
      "hub.admin",
    ],
  },
  {
    "authKind": "authenticated",
    "index": 79,
    "method": "GET",
    "operationId": "grants.list",
    "path": "/v1/grants",
    "rateLimitPolicyId": null,
    "roles": [],
    "scopes": [
      "agent.run",
      "hub.admin",
    ],
  },
  {
    "authKind": "authenticated",
    "index": 80,
    "method": "POST",
    "operationId": "grants.revoke",
    "path": "/v1/grants/:grantId/revoke",
    "rateLimitPolicyId": null,
    "roles": [],
    "scopes": [
      "agent.run",
      "hub.admin",
    ],
  },
  {
    "authKind": "authenticated",
    "index": 81,
    "method": "GET",
    "operationId": "diagnosis.incidents.list",
    "path": "/v1/diagnosis/incidents",
    "rateLimitPolicyId": null,
    "roles": [],
    "scopes": [
      "diagnosis.read",
    ],
  },
  {
    "authKind": "authenticated",
    "index": 82,
    "method": "GET",
    "operationId": "diagnosis.incidents.get",
    "path": "/v1/diagnosis/incidents/:incidentId",
    "rateLimitPolicyId": null,
    "roles": [],
    "scopes": [
      "diagnosis.read",
    ],
  },
  {
    "authKind": "authenticated",
    "index": 83,
    "method": "GET",
    "operationId": "diagnosis.incidents.diagnosis.get",
    "path": "/v1/diagnosis/incidents/:incidentId/diagnosis",
    "rateLimitPolicyId": null,
    "roles": [],
    "scopes": [
      "diagnosis.read",
    ],
  },
  {
    "authKind": "authenticated",
    "index": 84,
    "method": "GET",
    "operationId": "diagnosis.learning.overview",
    "path": "/v1/diagnosis/learning/overview",
    "rateLimitPolicyId": null,
    "roles": [],
    "scopes": [
      "diagnosis.read",
    ],
  },
  {
    "authKind": "authenticated",
    "index": 85,
    "method": "POST",
    "operationId": "diagnosis.incidents.manual.resolve",
    "path": "/v1/diagnosis/incidents/:incidentId/manual-resolve",
    "rateLimitPolicyId": "generator.write",
    "roles": [],
    "scopes": [
      "diagnosis.write",
    ],
  },
  {
    "authKind": "authenticated",
    "index": 86,
    "method": "POST",
    "operationId": "diagnosis.lessons.enabled.set",
    "path": "/v1/diagnosis/lessons/:lessonId/enabled",
    "rateLimitPolicyId": "generator.write",
    "roles": [],
    "scopes": [
      "diagnosis.write",
    ],
  },
  {
    "authKind": "authenticated",
    "index": 87,
    "method": "POST",
    "operationId": "diagnosis.patterns.demote",
    "path": "/v1/diagnosis/patterns/:patternId/demote",
    "rateLimitPolicyId": "generator.write",
    "roles": [],
    "scopes": [
      "diagnosis.write",
    ],
  },
  {
    "authKind": "authenticated",
    "index": 88,
    "method": "GET",
    "operationId": "autofix.actions.list",
    "path": "/v1/auto-fix/actions",
    "rateLimitPolicyId": null,
    "roles": [],
    "scopes": [
      "diagnosis.read",
    ],
  },
  {
    "authKind": "authenticated",
    "index": 89,
    "method": "GET",
    "operationId": "autofix.actions.get",
    "path": "/v1/auto-fix/actions/:actionId",
    "rateLimitPolicyId": null,
    "roles": [],
    "scopes": [
      "diagnosis.read",
    ],
  },
  {
    "authKind": "authenticated",
    "index": 90,
    "method": "POST",
    "operationId": "autofix.actions.approve",
    "path": "/v1/auto-fix/actions/:actionId/approve",
    "rateLimitPolicyId": "generator.write",
    "roles": [],
    "scopes": [
      "diagnosis.write",
    ],
  },
  {
    "authKind": "authenticated",
    "index": 91,
    "method": "POST",
    "operationId": "autofix.actions.deny",
    "path": "/v1/auto-fix/actions/:actionId/deny",
    "rateLimitPolicyId": "generator.write",
    "roles": [],
    "scopes": [
      "diagnosis.write",
    ],
  },
  {
    "authKind": "authenticated",
    "index": 92,
    "method": "POST",
    "operationId": "autofix.actions.execute",
    "path": "/v1/auto-fix/actions/:actionId/execute",
    "rateLimitPolicyId": "generator.write",
    "roles": [],
    "scopes": [
      "diagnosis.write",
    ],
  },
  {
    "authKind": "authenticated",
    "index": 93,
    "method": "POST",
    "operationId": "autofix.actions.rollback",
    "path": "/v1/auto-fix/actions/:actionId/rollback",
    "rateLimitPolicyId": "generator.write",
    "roles": [],
    "scopes": [
      "diagnosis.write",
    ],
  },
  {
    "authKind": "authenticated",
    "index": 94,
    "method": "GET",
    "operationId": "autofix.metrics.get",
    "path": "/v1/auto-fix/metrics",
    "rateLimitPolicyId": null,
    "roles": [],
    "scopes": [
      "diagnosis.read",
    ],
  },
  {
    "authKind": "authenticated",
    "index": 95,
    "method": "POST",
    "operationId": "realtime.subscribe",
    "path": "/v1/realtime/subscriptions",
    "rateLimitPolicyId": "realtime.subscribe",
    "roles": [],
    "scopes": [
      "workflow.read",
      "fleet.read",
      "satellite.read",
      "security.read",
      "diagnosis.read",
      "session.read",
    ],
  },
  {
    "authKind": "authenticated",
    "index": 96,
    "method": "POST",
    "operationId": "realtime.pull",
    "path": "/v1/realtime/pull",
    "rateLimitPolicyId": "realtime.pull",
    "roles": [],
    "scopes": [
      "workflow.read",
      "fleet.read",
      "satellite.read",
      "security.read",
      "diagnosis.read",
      "session.read",
    ],
  },
  {
    "authKind": "authenticated",
    "index": 97,
    "method": "POST",
    "operationId": "realtime.ack",
    "path": "/v1/realtime/ack",
    "rateLimitPolicyId": null,
    "roles": [],
    "scopes": [
      "workflow.read",
      "fleet.read",
      "satellite.read",
      "security.read",
      "diagnosis.read",
      "session.read",
    ],
  },
  {
    "authKind": "authenticated",
    "index": 98,
    "method": "GET",
    "operationId": "providers.usage.get",
    "path": "/v1/providers/usage",
    "rateLimitPolicyId": null,
    "roles": [],
    "scopes": [
      "hub.admin",
    ],
  },
  {
    "authKind": "authenticated",
    "index": 99,
    "method": "GET",
    "operationId": "providers.budget.get",
    "path": "/v1/providers/budget",
    "rateLimitPolicyId": null,
    "roles": [],
    "scopes": [
      "hub.admin",
    ],
  },
  {
    "authKind": "authenticated",
    "index": 100,
    "method": "PUT",
    "operationId": "providers.budget.set",
    "path": "/v1/providers/budget",
    "rateLimitPolicyId": null,
    "roles": [],
    "scopes": [
      "hub.admin",
    ],
  },
  {
    "authKind": "authenticated",
    "index": 101,
    "method": "GET",
    "operationId": "providers.templates.list",
    "path": "/v1/providers/templates",
    "rateLimitPolicyId": null,
    "roles": [],
    "scopes": [
      "hub.admin",
    ],
  },
  {
    "authKind": "authenticated",
    "index": 102,
    "method": "GET",
    "operationId": "providers.templates.get",
    "path": "/v1/providers/templates/:templateId",
    "rateLimitPolicyId": null,
    "roles": [],
    "scopes": [
      "hub.admin",
    ],
  },
  {
    "authKind": "authenticated",
    "index": 103,
    "method": "GET",
    "operationId": "providers.list",
    "path": "/v1/providers",
    "rateLimitPolicyId": null,
    "roles": [],
    "scopes": [
      "hub.admin",
    ],
  },
  {
    "authKind": "authenticated",
    "index": 104,
    "method": "GET",
    "operationId": "providers.health.list",
    "path": "/v1/providers/health",
    "rateLimitPolicyId": null,
    "roles": [],
    "scopes": [
      "hub.admin",
    ],
  },
  {
    "authKind": "authenticated",
    "index": 105,
    "method": "GET",
    "operationId": "providers.get",
    "path": "/v1/providers/:providerId",
    "rateLimitPolicyId": null,
    "roles": [],
    "scopes": [
      "hub.admin",
    ],
  },
  {
    "authKind": "authenticated",
    "index": 106,
    "method": "POST",
    "operationId": "providers.create",
    "path": "/v1/providers",
    "rateLimitPolicyId": "provider.write",
    "roles": [],
    "scopes": [
      "hub.admin",
    ],
  },
  {
    "authKind": "authenticated",
    "index": 107,
    "method": "PATCH",
    "operationId": "providers.update",
    "path": "/v1/providers/:providerId",
    "rateLimitPolicyId": "provider.write",
    "roles": [],
    "scopes": [
      "hub.admin",
    ],
  },
  {
    "authKind": "authenticated",
    "index": 108,
    "method": "DELETE",
    "operationId": "providers.delete",
    "path": "/v1/providers/:providerId",
    "rateLimitPolicyId": "provider.write",
    "roles": [],
    "scopes": [
      "hub.admin",
    ],
  },
  {
    "authKind": "authenticated",
    "index": 109,
    "method": "POST",
    "operationId": "providers.validate",
    "path": "/v1/providers/:providerId/validate",
    "rateLimitPolicyId": "provider.validate",
    "roles": [],
    "scopes": [
      "hub.admin",
    ],
  },
  {
    "authKind": "authenticated",
    "index": 110,
    "method": "GET",
    "operationId": "providers.doctor",
    "path": "/v1/providers/:providerId/doctor",
    "rateLimitPolicyId": null,
    "roles": [],
    "scopes": [
      "hub.admin",
    ],
  },
  {
    "authKind": "authenticated",
    "index": 111,
    "method": "GET",
    "operationId": "providers.routing.explain",
    "path": "/v1/providers/routing/explain",
    "rateLimitPolicyId": null,
    "roles": [],
    "scopes": [
      "hub.admin",
    ],
  },
  {
    "authKind": "authenticated",
    "index": 112,
    "method": "POST",
    "operationId": "providers.routing.pin",
    "path": "/v1/providers/routing/pin",
    "rateLimitPolicyId": "provider.write",
    "roles": [],
    "scopes": [
      "hub.admin",
    ],
  },
  {
    "authKind": "authenticated",
    "index": 113,
    "method": "POST",
    "operationId": "providers.routing.penalty.clear",
    "path": "/v1/providers/routing/penalties/clear",
    "rateLimitPolicyId": "provider.write",
    "roles": [],
    "scopes": [
      "hub.admin",
    ],
  },
  {
    "authKind": "authenticated",
    "index": 114,
    "method": "GET",
    "operationId": "providers.auth.profiles.list",
    "path": "/v1/providers/:providerId/auth-profiles",
    "rateLimitPolicyId": null,
    "roles": [],
    "scopes": [
      "hub.admin",
    ],
  },
  {
    "authKind": "authenticated",
    "index": 115,
    "method": "POST",
    "operationId": "providers.auth.profiles.activate",
    "path": "/v1/providers/:providerId/auth-profiles/:profileKey/activate",
    "rateLimitPolicyId": "provider.write",
    "roles": [],
    "scopes": [
      "hub.admin",
    ],
  },
  {
    "authKind": "authenticated",
    "index": 116,
    "method": "GET",
    "operationId": "providers.routing.get",
    "path": "/v1/model-routing",
    "rateLimitPolicyId": null,
    "roles": [],
    "scopes": [
      "hub.admin",
    ],
  },
  {
    "authKind": "authenticated",
    "index": 117,
    "method": "PUT",
    "operationId": "providers.routing.set",
    "path": "/v1/model-routing",
    "rateLimitPolicyId": "provider.write",
    "roles": [],
    "scopes": [
      "hub.admin",
    ],
  },
  {
    "authKind": "authenticated",
    "index": 118,
    "method": "POST",
    "operationId": "auth.oauth.anthropic.initiate",
    "path": "/v1/auth/oauth/anthropic/initiate",
    "rateLimitPolicyId": "provider.write",
    "roles": [],
    "scopes": [
      "hub.admin",
    ],
  },
  {
    "authKind": "authenticated",
    "index": 119,
    "method": "POST",
    "operationId": "auth.oauth.anthropic.callback",
    "path": "/v1/auth/oauth/anthropic/callback",
    "rateLimitPolicyId": "provider.write",
    "roles": [],
    "scopes": [
      "hub.admin",
    ],
  },
  {
    "authKind": "authenticated",
    "index": 120,
    "method": "GET",
    "operationId": "setup.status",
    "path": "/v1/setup/status",
    "rateLimitPolicyId": null,
    "roles": [],
    "scopes": [
      "hub.admin",
    ],
  },
  {
    "authKind": "authenticated",
    "index": 121,
    "method": "POST",
    "operationId": "providers.detect",
    "path": "/v1/providers/detect",
    "rateLimitPolicyId": "provider.validate",
    "roles": [],
    "scopes": [
      "hub.admin",
    ],
  },
  {
    "authKind": "authenticated",
    "index": 122,
    "method": "GET",
    "operationId": "setup.network.get",
    "path": "/v1/setup/network",
    "rateLimitPolicyId": null,
    "roles": [],
    "scopes": [
      "hub.admin",
    ],
  },
  {
    "authKind": "authenticated",
    "index": 123,
    "method": "POST",
    "operationId": "setup.network.save",
    "path": "/v1/setup/network",
    "rateLimitPolicyId": null,
    "roles": [],
    "scopes": [
      "hub.admin",
    ],
  },
  {
    "authKind": "authenticated",
    "index": 124,
    "method": "POST",
    "operationId": "setup.channels.save",
    "path": "/v1/setup/channels",
    "rateLimitPolicyId": null,
    "roles": [],
    "scopes": [
      "hub.admin",
    ],
  },
  {
    "authKind": "authenticated",
    "index": 125,
    "method": "POST",
    "operationId": "setup.complete",
    "path": "/v1/setup/complete",
    "rateLimitPolicyId": null,
    "roles": [],
    "scopes": [
      "hub.admin",
    ],
  },
  {
    "authKind": "authenticated",
    "index": 126,
    "method": "GET",
    "operationId": "skills.list",
    "path": "/v1/skills",
    "rateLimitPolicyId": null,
    "roles": [],
    "scopes": [
      "skill.read",
      "hub.admin",
    ],
  },
  {
    "authKind": "authenticated",
    "index": 127,
    "method": "GET",
    "operationId": "skills.catalog.list",
    "path": "/v1/skills/catalog",
    "rateLimitPolicyId": null,
    "roles": [],
    "scopes": [
      "skill.read",
      "hub.admin",
    ],
  },
  {
    "authKind": "authenticated",
    "index": 128,
    "method": "GET",
    "operationId": "skills.get",
    "path": "/v1/skills/:skillId",
    "rateLimitPolicyId": null,
    "roles": [],
    "scopes": [
      "skill.read",
      "hub.admin",
    ],
  },
  {
    "authKind": "authenticated",
    "index": 129,
    "method": "POST",
    "operationId": "skills.install",
    "path": "/v1/skills/install",
    "rateLimitPolicyId": "marketplace.write",
    "roles": [],
    "scopes": [
      "skill.write",
      "hub.admin",
    ],
  },
  {
    "authKind": "authenticated",
    "index": 130,
    "method": "POST",
    "operationId": "skills.update",
    "path": "/v1/skills/:skillId/update",
    "rateLimitPolicyId": "marketplace.write",
    "roles": [],
    "scopes": [
      "skill.write",
      "hub.admin",
    ],
  },
  {
    "authKind": "authenticated",
    "index": 131,
    "method": "DELETE",
    "operationId": "skills.delete",
    "path": "/v1/skills/:skillId",
    "rateLimitPolicyId": "marketplace.write",
    "roles": [],
    "scopes": [
      "skill.write",
      "hub.admin",
    ],
  },
  {
    "authKind": "authenticated",
    "index": 132,
    "method": "POST",
    "operationId": "skills.manifest.validate",
    "path": "/v1/skills/validate-manifest",
    "rateLimitPolicyId": null,
    "roles": [],
    "scopes": [
      "skill.write",
      "hub.admin",
    ],
  },
  {
    "authKind": "authenticated",
    "index": 133,
    "method": "POST",
    "operationId": "skills.verify",
    "path": "/v1/skills/:skillId/verify",
    "rateLimitPolicyId": null,
    "roles": [],
    "scopes": [
      "skill.read",
      "hub.admin",
    ],
  },
  {
    "authKind": "authenticated",
    "index": 134,
    "method": "POST",
    "operationId": "skills.generator.sessions.create",
    "path": "/v1/skills/generator/sessions",
    "rateLimitPolicyId": "skill_generator.write",
    "roles": [],
    "scopes": [
      "skill.write",
    ],
  },
  {
    "authKind": "authenticated",
    "index": 135,
    "method": "GET",
    "operationId": "skills.generator.sessions.get",
    "path": "/v1/skills/generator/sessions/:sessionId",
    "rateLimitPolicyId": null,
    "roles": [],
    "scopes": [
      "skill.read",
    ],
  },
  {
    "authKind": "authenticated",
    "index": 136,
    "method": "POST",
    "operationId": "skills.generator.sessions.messages.create",
    "path": "/v1/skills/generator/sessions/:sessionId/messages",
    "rateLimitPolicyId": "skill_generator.llm",
    "roles": [],
    "scopes": [
      "skill.write",
    ],
  },
  {
    "authKind": "authenticated",
    "index": 137,
    "method": "POST",
    "operationId": "skills.generator.sessions.generate",
    "path": "/v1/skills/generator/sessions/:sessionId/generate",
    "rateLimitPolicyId": "skill_generator.llm",
    "roles": [],
    "scopes": [
      "skill.write",
    ],
  },
  {
    "authKind": "authenticated",
    "index": 138,
    "method": "POST",
    "operationId": "skills.generator.sessions.test",
    "path": "/v1/skills/generator/sessions/:sessionId/test",
    "rateLimitPolicyId": "skill_generator.write",
    "roles": [],
    "scopes": [
      "skill.write",
    ],
  },
  {
    "authKind": "authenticated",
    "index": 139,
    "method": "GET",
    "operationId": "skills.generator.sessions.evidence.get",
    "path": "/v1/skills/generator/sessions/:sessionId/evidence",
    "rateLimitPolicyId": null,
    "roles": [],
    "scopes": [
      "skill.read",
    ],
  },
  {
    "authKind": "authenticated",
    "index": 140,
    "method": "POST",
    "operationId": "skills.generator.sessions.approve",
    "path": "/v1/skills/generator/sessions/:sessionId/approve",
    "rateLimitPolicyId": "skill_generator.write",
    "roles": [],
    "scopes": [
      "skill.write",
    ],
  },
  {
    "authKind": "authenticated",
    "index": 141,
    "method": "DELETE",
    "operationId": "skills.generator.sessions.cancel",
    "path": "/v1/skills/generator/sessions/:sessionId",
    "rateLimitPolicyId": null,
    "roles": [],
    "scopes": [
      "skill.write",
    ],
  },
  {
    "authKind": "authenticated",
    "index": 142,
    "method": "GET",
    "operationId": "skills.ui.get",
    "path": "/v1/skills/:skillId/ui",
    "rateLimitPolicyId": null,
    "roles": [],
    "scopes": [
      "skill.read",
    ],
  },
  {
    "authKind": "authenticated",
    "index": 143,
    "method": "POST",
    "operationId": "uix.intents.resolve",
    "path": "/v1/uix/intents/resolve",
    "rateLimitPolicyId": null,
    "roles": [],
    "scopes": [
      "skill.read",
      "diagnosis.read",
      "agent.run",
    ],
  },
  {
    "authKind": "authenticated",
    "index": 144,
    "method": "GET",
    "operationId": "uix.templates.list",
    "path": "/v1/uix/templates",
    "rateLimitPolicyId": null,
    "roles": [],
    "scopes": [
      "skill.read",
      "diagnosis.read",
      "agent.run",
    ],
  },
  {
    "authKind": "authenticated",
    "index": 145,
    "method": "GET",
    "operationId": "uix.home.snapshot.get",
    "path": "/v1/uix/home-snapshot",
    "rateLimitPolicyId": null,
    "roles": [],
    "scopes": [
      "agent.run",
    ],
  },
  {
    "authKind": "authenticated",
    "index": 146,
    "method": "GET",
    "operationId": "uix.assistant.inbox.snapshot.get",
    "path": "/v1/uix/assistant-inbox-snapshot",
    "rateLimitPolicyId": null,
    "roles": [],
    "scopes": [
      "agent.run",
    ],
  },
  {
    "authKind": "authenticated",
    "index": 147,
    "method": "GET",
    "operationId": "uix.diagnostics.get",
    "path": "/v1/uix/diagnostics",
    "rateLimitPolicyId": null,
    "roles": [],
    "scopes": [
      "skill.read",
      "diagnosis.read",
      "agent.run",
    ],
  },
  {
    "authKind": "authenticated",
    "index": 148,
    "method": "GET",
    "operationId": "uix.preferences.list",
    "path": "/v1/uix/preferences",
    "rateLimitPolicyId": null,
    "roles": [],
    "scopes": [
      "agent.run",
    ],
  },
  {
    "authKind": "authenticated",
    "index": 149,
    "method": "PUT",
    "operationId": "uix.preferences.update",
    "path": "/v1/uix/preferences",
    "rateLimitPolicyId": null,
    "roles": [],
    "scopes": [
      "agent.run",
    ],
  },
  {
    "authKind": "authenticated",
    "index": 150,
    "method": "DELETE",
    "operationId": "uix.preferences.delete",
    "path": "/v1/uix/preferences/:preferenceId",
    "rateLimitPolicyId": null,
    "roles": [],
    "scopes": [
      "agent.run",
    ],
  },
  {
    "authKind": "authenticated",
    "index": 151,
    "method": "GET",
    "operationId": "uix.persona.get",
    "path": "/v1/uix/persona",
    "rateLimitPolicyId": null,
    "roles": [],
    "scopes": [
      "agent.run",
    ],
  },
  {
    "authKind": "authenticated",
    "index": 152,
    "method": "POST",
    "operationId": "uix.templates.execute",
    "path": "/v1/uix/templates/:templateId/execute",
    "rateLimitPolicyId": "generator.write",
    "roles": [],
    "scopes": [
      "skill.write",
      "diagnosis.read",
      "agent.run",
    ],
  },
  {
    "authKind": "authenticated",
    "index": 153,
    "method": "POST",
    "operationId": "uix.wizards.start",
    "path": "/v1/uix/wizards/:wizardId/start",
    "rateLimitPolicyId": null,
    "roles": [],
    "scopes": [
      "skill.read",
      "diagnosis.read",
      "agent.run",
    ],
  },
  {
    "authKind": "authenticated",
    "index": 154,
    "method": "POST",
    "operationId": "uix.wizards.continue",
    "path": "/v1/uix/wizards/:wizardId/continue",
    "rateLimitPolicyId": null,
    "roles": [],
    "scopes": [
      "skill.write",
      "diagnosis.read",
      "agent.run",
    ],
  },
  {
    "authKind": "authenticated",
    "index": 155,
    "method": "GET",
    "operationId": "uix.issues.list",
    "path": "/v1/uix/issues",
    "rateLimitPolicyId": null,
    "roles": [],
    "scopes": [
      "diagnosis.read",
    ],
  },
  {
    "authKind": "authenticated",
    "index": 156,
    "method": "GET",
    "operationId": "uix.user.profile.get",
    "path": "/v1/uix/user-profile",
    "rateLimitPolicyId": null,
    "roles": [],
    "scopes": [
      "agent.run",
    ],
  },
  {
    "authKind": "authenticated",
    "index": 157,
    "method": "PUT",
    "operationId": "uix.user.profile.update",
    "path": "/v1/uix/user-profile",
    "rateLimitPolicyId": null,
    "roles": [],
    "scopes": [
      "agent.run",
    ],
  },
  {
    "authKind": "authenticated",
    "index": 158,
    "method": "POST",
    "operationId": "uix.investigate",
    "path": "/v1/uix/investigate",
    "rateLimitPolicyId": null,
    "roles": [],
    "scopes": [
      "agent.run",
    ],
  },
  {
    "authKind": "authenticated",
    "index": 159,
    "method": "GET",
    "operationId": "uix.learnedfacts.list",
    "path": "/v1/uix/learned-facts",
    "rateLimitPolicyId": null,
    "roles": [],
    "scopes": [
      "agent.run",
    ],
  },
  {
    "authKind": "authenticated",
    "index": 160,
    "method": "GET",
    "operationId": "packs.cross.border.profile.get",
    "path": "/v1/packs/cross-border/profile",
    "rateLimitPolicyId": null,
    "roles": [],
    "scopes": [
      "agent.run",
    ],
  },
  {
    "authKind": "authenticated",
    "index": 161,
    "method": "PUT",
    "operationId": "packs.cross.border.profile.put",
    "path": "/v1/packs/cross-border/profile",
    "rateLimitPolicyId": null,
    "roles": [],
    "scopes": [
      "agent.run",
    ],
  },
  {
    "authKind": "authenticated",
    "index": 162,
    "method": "GET",
    "operationId": "packs.cross.border.snapshot.get",
    "path": "/v1/packs/cross-border/snapshot",
    "rateLimitPolicyId": null,
    "roles": [],
    "scopes": [
      "agent.run",
    ],
  },
  {
    "authKind": "authenticated",
    "index": 163,
    "method": "POST",
    "operationId": "packs.cross.border.import.post",
    "path": "/v1/packs/cross-border/import",
    "rateLimitPolicyId": null,
    "roles": [],
    "scopes": [
      "agent.run",
    ],
  },
  {
    "authKind": "authenticated",
    "index": 164,
    "method": "POST",
    "operationId": "packs.cross.border.workflow.presets.apply",
    "path": "/v1/packs/cross-border/workflow-presets/apply",
    "rateLimitPolicyId": null,
    "roles": [],
    "scopes": [
      "agent.run",
    ],
  },
  {
    "authKind": "authenticated",
    "index": 165,
    "method": "PATCH",
    "operationId": "packs.cross.border.workflow.presets.toggle",
    "path": "/v1/packs/cross-border/workflow-presets/:workflowId",
    "rateLimitPolicyId": null,
    "roles": [],
    "scopes": [
      "agent.run",
    ],
  },
  {
    "authKind": "authenticated",
    "index": 166,
    "method": "GET",
    "operationId": "skills.converters.list",
    "path": "/v1/skills/converters",
    "rateLimitPolicyId": null,
    "roles": [],
    "scopes": [
      "skill.read",
    ],
  },
  {
    "authKind": "authenticated",
    "index": 167,
    "method": "POST",
    "operationId": "skills.convert",
    "path": "/v1/skills/convert",
    "rateLimitPolicyId": "skill_converter.write",
    "roles": [],
    "scopes": [
      "skill.write",
    ],
  },
  {
    "authKind": "authenticated",
    "index": 168,
    "method": "POST",
    "operationId": "skills.import",
    "path": "/v1/skills/import",
    "rateLimitPolicyId": "skill_converter.write",
    "roles": [],
    "scopes": [
      "skill.write",
    ],
  },
  {
    "authKind": "authenticated",
    "index": 169,
    "method": "POST",
    "operationId": "skills.pack",
    "path": "/v1/skills/pack",
    "rateLimitPolicyId": "skill_converter.write",
    "roles": [],
    "scopes": [
      "skill.write",
    ],
  },
  {
    "authKind": "authenticated",
    "index": 170,
    "method": "POST",
    "operationId": "workflows.generator.sessions.create",
    "path": "/v1/workflows/generator/sessions",
    "rateLimitPolicyId": "generator.write",
    "roles": [],
    "scopes": [
      "workflow.write",
    ],
  },
  {
    "authKind": "authenticated",
    "index": 171,
    "method": "GET",
    "operationId": "workflows.generator.sessions.get",
    "path": "/v1/workflows/generator/sessions/:sessionId",
    "rateLimitPolicyId": null,
    "roles": [],
    "scopes": [
      "workflow.read",
    ],
  },
  {
    "authKind": "authenticated",
    "index": 172,
    "method": "POST",
    "operationId": "workflows.generator.sessions.messages.create",
    "path": "/v1/workflows/generator/sessions/:sessionId/messages",
    "rateLimitPolicyId": "generator.llm",
    "roles": [],
    "scopes": [
      "workflow.write",
    ],
  },
  {
    "authKind": "authenticated",
    "index": 173,
    "method": "POST",
    "operationId": "workflows.generator.sessions.generate",
    "path": "/v1/workflows/generator/sessions/:sessionId/generate",
    "rateLimitPolicyId": "generator.llm",
    "roles": [],
    "scopes": [
      "workflow.write",
    ],
  },
  {
    "authKind": "authenticated",
    "index": 174,
    "method": "GET",
    "operationId": "workflows.generator.sessions.evidence.get",
    "path": "/v1/workflows/generator/sessions/:sessionId/evidence",
    "rateLimitPolicyId": null,
    "roles": [],
    "scopes": [
      "workflow.read",
    ],
  },
  {
    "authKind": "authenticated",
    "index": 175,
    "method": "POST",
    "operationId": "workflows.generator.sessions.approve",
    "path": "/v1/workflows/generator/sessions/:sessionId/approve",
    "rateLimitPolicyId": "workflow.publish",
    "roles": [],
    "scopes": [
      "workflow.write",
    ],
  },
  {
    "authKind": "authenticated",
    "index": 176,
    "method": "DELETE",
    "operationId": "workflows.generator.sessions.cancel",
    "path": "/v1/workflows/generator/sessions/:sessionId",
    "rateLimitPolicyId": null,
    "roles": [],
    "scopes": [
      "workflow.write",
    ],
  },
  {
    "authKind": "authenticated",
    "index": 177,
    "method": "GET",
    "operationId": "rules.bundles.list",
    "path": "/v1/rules/bundles",
    "rateLimitPolicyId": null,
    "roles": [],
    "scopes": [
      "workflow.read",
    ],
  },
  {
    "authKind": "authenticated",
    "index": 178,
    "method": "GET",
    "operationId": "rules.bundles.get",
    "path": "/v1/rules/bundles/:bundleId",
    "rateLimitPolicyId": null,
    "roles": [],
    "scopes": [
      "workflow.read",
    ],
  },
  {
    "authKind": "authenticated",
    "index": 179,
    "method": "POST",
    "operationId": "rules.bundles.create",
    "path": "/v1/rules/bundles",
    "rateLimitPolicyId": null,
    "roles": [],
    "scopes": [
      "workflow.write",
    ],
  },
  {
    "authKind": "authenticated",
    "index": 180,
    "method": "GET",
    "operationId": "rules.list",
    "path": "/v1/rules/bundles/:bundleId/rules",
    "rateLimitPolicyId": null,
    "roles": [],
    "scopes": [
      "workflow.read",
    ],
  },
  {
    "authKind": "authenticated",
    "index": 181,
    "method": "POST",
    "operationId": "rules.evaluate",
    "path": "/v1/rules/evaluate",
    "rateLimitPolicyId": null,
    "roles": [],
    "scopes": [
      "workflow.run",
    ],
  },
  {
    "authKind": "authenticated",
    "index": 182,
    "method": "POST",
    "operationId": "rules.simulate",
    "path": "/v1/rules/simulate",
    "rateLimitPolicyId": null,
    "roles": [],
    "scopes": [
      "workflow.run",
    ],
  },
  {
    "authKind": "authenticated",
    "index": 183,
    "method": "GET",
    "operationId": "rules.versions.list",
    "path": "/v1/rules/:ruleId/versions",
    "rateLimitPolicyId": null,
    "roles": [],
    "scopes": [
      "workflow.read",
    ],
  },
  {
    "authKind": "authenticated",
    "index": 184,
    "method": "GET",
    "operationId": "rules.audit.log.list",
    "path": "/v1/rules/audit-log",
    "rateLimitPolicyId": null,
    "roles": [],
    "scopes": [
      "workflow.read",
    ],
  },
  {
    "authKind": "authenticated",
    "index": 185,
    "method": "POST",
    "operationId": "node.runner.execute",
    "path": "/v1/node-runner/execute",
    "rateLimitPolicyId": null,
    "roles": [],
    "scopes": [
      "workflow.run",
    ],
  },
  {
    "authKind": "authenticated",
    "index": 186,
    "method": "GET",
    "operationId": "node.runner.executions.get",
    "path": "/v1/node-runner/executions/:executionId",
    "rateLimitPolicyId": null,
    "roles": [],
    "scopes": [
      "workflow.read",
    ],
  },
  {
    "authKind": "authenticated",
    "index": 187,
    "method": "GET",
    "operationId": "node.runner.executions.list",
    "path": "/v1/node-runner/executions",
    "rateLimitPolicyId": null,
    "roles": [],
    "scopes": [
      "workflow.read",
    ],
  },
  {
    "authKind": "authenticated",
    "index": 188,
    "method": "POST",
    "operationId": "acceptance.run",
    "path": "/v1/acceptance/run",
    "rateLimitPolicyId": null,
    "roles": [],
    "scopes": [
      "workflow.run",
    ],
  },
  {
    "authKind": "authenticated",
    "index": 189,
    "method": "GET",
    "operationId": "acceptance.results.get",
    "path": "/v1/acceptance/results/:resultId",
    "rateLimitPolicyId": null,
    "roles": [],
    "scopes": [
      "workflow.read",
    ],
  },
  {
    "authKind": "authenticated",
    "index": 190,
    "method": "GET",
    "operationId": "acceptance.results.list",
    "path": "/v1/acceptance/results",
    "rateLimitPolicyId": null,
    "roles": [],
    "scopes": [
      "workflow.read",
    ],
  },
  {
    "authKind": "authenticated",
    "index": 191,
    "method": "GET",
    "operationId": "acceptance.runs.get",
    "path": "/v1/acceptance/runs/:runId",
    "rateLimitPolicyId": null,
    "roles": [],
    "scopes": [
      "workflow.read",
    ],
  },
  {
    "authKind": "authenticated",
    "index": 192,
    "method": "GET",
    "operationId": "acceptance.tests.list",
    "path": "/v1/acceptance/tests",
    "rateLimitPolicyId": null,
    "roles": [],
    "scopes": [
      "workflow.read",
    ],
  },
  {
    "authKind": "authenticated",
    "index": 193,
    "method": "GET",
    "operationId": "acceptance.tests.get",
    "path": "/v1/acceptance/tests/:testId",
    "rateLimitPolicyId": null,
    "roles": [],
    "scopes": [
      "workflow.read",
    ],
  },
  {
    "authKind": "authenticated",
    "index": 194,
    "method": "POST",
    "operationId": "acceptance.tests.create",
    "path": "/v1/acceptance/tests",
    "rateLimitPolicyId": null,
    "roles": [],
    "scopes": [
      "workflow.write",
    ],
  },
  {
    "authKind": "authenticated",
    "index": 195,
    "method": "PUT",
    "operationId": "acceptance.tests.update",
    "path": "/v1/acceptance/tests/:testId",
    "rateLimitPolicyId": null,
    "roles": [],
    "scopes": [
      "workflow.write",
    ],
  },
  {
    "authKind": "authenticated",
    "index": 196,
    "method": "DELETE",
    "operationId": "acceptance.tests.delete",
    "path": "/v1/acceptance/tests/:testId",
    "rateLimitPolicyId": null,
    "roles": [],
    "scopes": [
      "workflow.write",
    ],
  },
  {
    "authKind": "authenticated",
    "index": 197,
    "method": "GET",
    "operationId": "acceptance.tests.versions.list",
    "path": "/v1/acceptance/tests/:testId/versions",
    "rateLimitPolicyId": null,
    "roles": [],
    "scopes": [
      "workflow.read",
    ],
  },
  {
    "authKind": "authenticated",
    "index": 198,
    "method": "GET",
    "operationId": "acceptance.artifacts.history",
    "path": "/v1/acceptance/artifacts/history",
    "rateLimitPolicyId": null,
    "roles": [],
    "scopes": [
      "workflow.read",
    ],
  },
  {
    "authKind": "authenticated",
    "index": 199,
    "method": "GET",
    "operationId": "retry.policies.list",
    "path": "/v1/retry/policies",
    "rateLimitPolicyId": null,
    "roles": [],
    "scopes": [
      "workflow.read",
    ],
  },
  {
    "authKind": "authenticated",
    "index": 200,
    "method": "GET",
    "operationId": "retry.policies.get",
    "path": "/v1/retry/policies/:policyId",
    "rateLimitPolicyId": null,
    "roles": [],
    "scopes": [
      "workflow.read",
    ],
  },
  {
    "authKind": "authenticated",
    "index": 201,
    "method": "POST",
    "operationId": "retry.policies.create",
    "path": "/v1/retry/policies",
    "rateLimitPolicyId": null,
    "roles": [],
    "scopes": [
      "workflow.write",
    ],
  },
  {
    "authKind": "authenticated",
    "index": 202,
    "method": "PUT",
    "operationId": "retry.policies.update",
    "path": "/v1/retry/policies/:policyId",
    "rateLimitPolicyId": null,
    "roles": [],
    "scopes": [
      "workflow.write",
    ],
  },
  {
    "authKind": "authenticated",
    "index": 203,
    "method": "DELETE",
    "operationId": "retry.policies.delete",
    "path": "/v1/retry/policies/:policyId",
    "rateLimitPolicyId": null,
    "roles": [],
    "scopes": [
      "workflow.write",
    ],
  },
  {
    "authKind": "authenticated",
    "index": 204,
    "method": "POST",
    "operationId": "retry.classify",
    "path": "/v1/retry/classify",
    "rateLimitPolicyId": null,
    "roles": [],
    "scopes": [
      "workflow.run",
    ],
  },
  {
    "authKind": "authenticated",
    "index": 205,
    "method": "POST",
    "operationId": "retry.decide",
    "path": "/v1/retry/decide",
    "rateLimitPolicyId": null,
    "roles": [],
    "scopes": [
      "workflow.run",
    ],
  },
  {
    "authKind": "authenticated",
    "index": 206,
    "method": "GET",
    "operationId": "retry.traces.list",
    "path": "/v1/retry/traces",
    "rateLimitPolicyId": null,
    "roles": [],
    "scopes": [
      "workflow.read",
    ],
  },
  {
    "authKind": "authenticated",
    "index": 207,
    "method": "GET",
    "operationId": "retry.traces.get",
    "path": "/v1/retry/traces/:traceId",
    "rateLimitPolicyId": null,
    "roles": [],
    "scopes": [
      "workflow.read",
    ],
  },
  {
    "authKind": "authenticated",
    "index": 208,
    "method": "GET",
    "operationId": "retry.costs.summary",
    "path": "/v1/retry/costs",
    "rateLimitPolicyId": null,
    "roles": [],
    "scopes": [
      "workflow.read",
    ],
  },
  {
    "authKind": "authenticated",
    "index": 209,
    "method": "GET",
    "operationId": "retry.escalations.list",
    "path": "/v1/retry/escalations",
    "rateLimitPolicyId": null,
    "roles": [],
    "scopes": [
      "workflow.read",
    ],
  },
  {
    "authKind": "authenticated",
    "index": 210,
    "method": "POST",
    "operationId": "retry.escalations.acknowledge",
    "path": "/v1/retry/escalations/:escalationId/acknowledge",
    "rateLimitPolicyId": null,
    "roles": [],
    "scopes": [
      "workflow.write",
    ],
  },
  {
    "authKind": "authenticated",
    "index": 211,
    "method": "GET",
    "operationId": "retry.circuit.breakers.list",
    "path": "/v1/retry/circuit-breakers",
    "rateLimitPolicyId": null,
    "roles": [],
    "scopes": [
      "workflow.read",
    ],
  },
  {
    "authKind": "authenticated",
    "index": 212,
    "method": "GET",
    "operationId": "playbook.list",
    "path": "/v1/playbooks",
    "rateLimitPolicyId": null,
    "roles": [],
    "scopes": [
      "workflow.read",
    ],
  },
  {
    "authKind": "authenticated",
    "index": 213,
    "method": "GET",
    "operationId": "playbook.get",
    "path": "/v1/playbooks/:playbookId",
    "rateLimitPolicyId": null,
    "roles": [],
    "scopes": [
      "workflow.read",
    ],
  },
  {
    "authKind": "authenticated",
    "index": 214,
    "method": "POST",
    "operationId": "playbook.select",
    "path": "/v1/playbooks/select",
    "rateLimitPolicyId": null,
    "roles": [],
    "scopes": [
      "workflow.run",
    ],
  },
  {
    "authKind": "authenticated",
    "index": 215,
    "method": "GET",
    "operationId": "playbook.candidates.list",
    "path": "/v1/playbooks/candidates",
    "rateLimitPolicyId": null,
    "roles": [],
    "scopes": [
      "workflow.read",
    ],
  },
  {
    "authKind": "authenticated",
    "index": 216,
    "method": "POST",
    "operationId": "playbook.candidates.promote",
    "path": "/v1/playbooks/candidates/:candidateId/promote",
    "rateLimitPolicyId": null,
    "roles": [],
    "scopes": [
      "workflow.write",
    ],
  },
  {
    "authKind": "authenticated",
    "index": 217,
    "method": "POST",
    "operationId": "playbook.rollback",
    "path": "/v1/playbooks/:playbookId/rollback",
    "rateLimitPolicyId": null,
    "roles": [],
    "scopes": [
      "workflow.write",
    ],
  },
  {
    "authKind": "authenticated",
    "index": 218,
    "method": "GET",
    "operationId": "playbook.scores",
    "path": "/v1/playbooks/:playbookId/scores",
    "rateLimitPolicyId": null,
    "roles": [],
    "scopes": [
      "workflow.read",
    ],
  },
  {
    "authKind": "authenticated",
    "index": 219,
    "method": "POST",
    "operationId": "memory.store",
    "path": "/v1/memory/store",
    "rateLimitPolicyId": "memory.write",
    "roles": [],
    "scopes": [
      "hub.admin",
    ],
  },
  {
    "authKind": "authenticated",
    "index": 220,
    "method": "POST",
    "operationId": "memory.search",
    "path": "/v1/memory/search",
    "rateLimitPolicyId": null,
    "roles": [],
    "scopes": [
      "hub.admin",
    ],
  },
  {
    "authKind": "authenticated",
    "index": 221,
    "method": "GET",
    "operationId": "memory.get",
    "path": "/v1/memory/items/:id",
    "rateLimitPolicyId": null,
    "roles": [],
    "scopes": [
      "hub.admin",
    ],
  },
  {
    "authKind": "authenticated",
    "index": 222,
    "method": "GET",
    "operationId": "memory.list",
    "path": "/v1/memory/items",
    "rateLimitPolicyId": null,
    "roles": [],
    "scopes": [
      "hub.admin",
    ],
  },
  {
    "authKind": "authenticated",
    "index": 223,
    "method": "DELETE",
    "operationId": "memory.delete",
    "path": "/v1/memory/items/:id",
    "rateLimitPolicyId": null,
    "roles": [],
    "scopes": [
      "hub.admin",
    ],
  },
  {
    "authKind": "authenticated",
    "index": 224,
    "method": "POST",
    "operationId": "memory.prune",
    "path": "/v1/memory/prune",
    "rateLimitPolicyId": null,
    "roles": [],
    "scopes": [
      "hub.admin",
    ],
  },
  {
    "authKind": "authenticated",
    "index": 225,
    "method": "GET",
    "operationId": "sessions.usage.get",
    "path": "/v1/sessions/:sessionKey/usage",
    "rateLimitPolicyId": null,
    "roles": [],
    "scopes": [
      "hub.admin",
    ],
  },
  {
    "authKind": "authenticated",
    "index": 226,
    "method": "GET",
    "operationId": "sessions.usage.list",
    "path": "/v1/sessions/usage",
    "rateLimitPolicyId": null,
    "roles": [],
    "scopes": [
      "hub.admin",
    ],
  },
  {
    "authKind": "authenticated",
    "index": 227,
    "method": "GET",
    "operationId": "sessions.list",
    "path": "/v1/sessions",
    "rateLimitPolicyId": null,
    "roles": [],
    "scopes": [
      "session.read",
    ],
  },
  {
    "authKind": "authenticated",
    "index": 228,
    "method": "POST",
    "operationId": "sessions.create",
    "path": "/v1/sessions",
    "rateLimitPolicyId": "session.write",
    "roles": [],
    "scopes": [
      "session.write",
    ],
  },
  {
    "authKind": "authenticated",
    "index": 229,
    "method": "GET",
    "operationId": "sessions.get",
    "path": "/v1/sessions/:sessionKey",
    "rateLimitPolicyId": null,
    "roles": [],
    "scopes": [
      "session.read",
    ],
  },
  {
    "authKind": "authenticated",
    "index": 230,
    "method": "POST",
    "operationId": "sessions.archive",
    "path": "/v1/sessions/:sessionKey/archive",
    "rateLimitPolicyId": null,
    "roles": [],
    "scopes": [
      "session.write",
    ],
  },
  {
    "authKind": "authenticated",
    "index": 231,
    "method": "POST",
    "operationId": "sessions.reset",
    "path": "/v1/sessions/:sessionKey/reset",
    "rateLimitPolicyId": null,
    "roles": [],
    "scopes": [
      "session.write",
    ],
  },
  {
    "authKind": "authenticated",
    "index": 232,
    "method": "POST",
    "operationId": "sessions.prune",
    "path": "/v1/sessions/prune",
    "rateLimitPolicyId": null,
    "roles": [],
    "scopes": [
      "session.write",
    ],
  },
  {
    "authKind": "authenticated",
    "index": 233,
    "method": "POST",
    "operationId": "sessions.sweep",
    "path": "/v1/sessions/sweep",
    "rateLimitPolicyId": null,
    "roles": [],
    "scopes": [
      "session.write",
    ],
  },
  {
    "authKind": "authenticated",
    "index": 234,
    "method": "GET",
    "operationId": "sessions.messages.list",
    "path": "/v1/sessions/:sessionKey/messages",
    "rateLimitPolicyId": null,
    "roles": [],
    "scopes": [
      "session.read",
    ],
  },
  {
    "authKind": "authenticated",
    "index": 235,
    "method": "GET",
    "operationId": "sessions.export",
    "path": "/v1/sessions/:sessionKey/export",
    "rateLimitPolicyId": null,
    "roles": [],
    "scopes": [
      "session.read",
    ],
  },
  {
    "authKind": "authenticated",
    "index": 236,
    "method": "POST",
    "operationId": "sessions.messages.create",
    "path": "/v1/sessions/:sessionKey/messages",
    "rateLimitPolicyId": null,
    "roles": [],
    "scopes": [
      "session.write",
    ],
  },
  {
    "authKind": "authenticated",
    "index": 237,
    "method": "POST",
    "operationId": "sessions.run",
    "path": "/v1/sessions/:sessionKey/run",
    "rateLimitPolicyId": null,
    "roles": [],
    "scopes": [
      "session.write",
      "agent.run",
      "workflow.run",
    ],
  },
  {
    "authKind": "authenticated",
    "index": 238,
    "method": "GET",
    "operationId": "sessions.memory.namespace.get",
    "path": "/v1/sessions/:sessionKey/memory-namespace",
    "rateLimitPolicyId": null,
    "roles": [],
    "scopes": [
      "session.read",
    ],
  },
  {
    "authKind": "authenticated",
    "index": 239,
    "method": "POST",
    "operationId": "sessions.forks.create",
    "path": "/v1/sessions/:sessionKey/fork",
    "rateLimitPolicyId": null,
    "roles": [],
    "scopes": [
      "session.write",
    ],
  },
  {
    "authKind": "authenticated",
    "index": 240,
    "method": "GET",
    "operationId": "sessions.forks.list",
    "path": "/v1/sessions/:sessionKey/forks",
    "rateLimitPolicyId": null,
    "roles": [],
    "scopes": [
      "session.read",
    ],
  },
  {
    "authKind": "authenticated",
    "index": 241,
    "method": "POST",
    "operationId": "sessions.forks.merge",
    "path": "/v1/sessions/:sessionKey/merge",
    "rateLimitPolicyId": null,
    "roles": [],
    "scopes": [
      "session.write",
    ],
  },
  {
    "authKind": "authenticated",
    "index": 242,
    "method": "POST",
    "operationId": "sessions.memory.extract",
    "path": "/v1/sessions/:sessionKey/memory/extract",
    "rateLimitPolicyId": null,
    "roles": [],
    "scopes": [
      "session.write",
    ],
  },
  {
    "authKind": "authenticated",
    "index": 243,
    "method": "POST",
    "operationId": "sessions.memory.remember",
    "path": "/v1/sessions/:sessionKey/memory/remember",
    "rateLimitPolicyId": null,
    "roles": [],
    "scopes": [
      "session.write",
    ],
  },
  {
    "authKind": "authenticated",
    "index": 244,
    "method": "GET",
    "operationId": "sessions.memory.extraction.get",
    "path": "/v1/sessions/:sessionKey/memory/extraction",
    "rateLimitPolicyId": null,
    "roles": [],
    "scopes": [
      "session.read",
    ],
  },
  {
    "authKind": "authenticated",
    "index": 245,
    "method": "POST",
    "operationId": "sessions.memory.extraction.retry",
    "path": "/v1/sessions/memory/extraction/retry",
    "rateLimitPolicyId": null,
    "roles": [],
    "scopes": [
      "session.write",
    ],
  },
  {
    "authKind": "authenticated",
    "index": 246,
    "method": "GET",
    "operationId": "plugins.list",
    "path": "/v1/plugins",
    "rateLimitPolicyId": null,
    "roles": [],
    "scopes": [
      "plugin.read",
    ],
  },
  {
    "authKind": "authenticated",
    "index": 247,
    "method": "GET",
    "operationId": "plugins.get",
    "path": "/v1/plugins/:id",
    "rateLimitPolicyId": null,
    "roles": [],
    "scopes": [
      "plugin.read",
    ],
  },
  {
    "authKind": "authenticated",
    "index": 248,
    "method": "GET",
    "operationId": "plugins.versions.list",
    "path": "/v1/plugins/:id/versions",
    "rateLimitPolicyId": null,
    "roles": [],
    "scopes": [
      "plugin.read",
    ],
  },
  {
    "authKind": "authenticated",
    "index": 249,
    "method": "POST",
    "operationId": "plugins.install",
    "path": "/v1/plugins/:id/install",
    "rateLimitPolicyId": null,
    "roles": [],
    "scopes": [
      "plugin.install",
    ],
  },
  {
    "authKind": "authenticated",
    "index": 250,
    "method": "POST",
    "operationId": "plugins.enable",
    "path": "/v1/plugins/:id/enable",
    "rateLimitPolicyId": null,
    "roles": [],
    "scopes": [
      "plugin.write",
    ],
  },
  {
    "authKind": "authenticated",
    "index": 251,
    "method": "POST",
    "operationId": "plugins.disable",
    "path": "/v1/plugins/:id/disable",
    "rateLimitPolicyId": null,
    "roles": [],
    "scopes": [
      "plugin.write",
    ],
  },
  {
    "authKind": "authenticated",
    "index": 252,
    "method": "DELETE",
    "operationId": "plugins.uninstall",
    "path": "/v1/plugins/:id",
    "rateLimitPolicyId": null,
    "roles": [],
    "scopes": [
      "plugin.write",
    ],
  },
  {
    "authKind": "authenticated",
    "index": 253,
    "method": "GET",
    "operationId": "marketplace.plugins.list",
    "path": "/v1/marketplace/plugins",
    "rateLimitPolicyId": null,
    "roles": [],
    "scopes": [
      "plugin.read",
    ],
  },
  {
    "authKind": "authenticated",
    "index": 254,
    "method": "GET",
    "operationId": "marketplace.plugins.get",
    "path": "/v1/marketplace/plugins/:id",
    "rateLimitPolicyId": null,
    "roles": [],
    "scopes": [
      "plugin.read",
    ],
  },
  {
    "authKind": "authenticated",
    "index": 255,
    "method": "GET",
    "operationId": "marketplace.plugins.versions.list",
    "path": "/v1/marketplace/plugins/:id/versions",
    "rateLimitPolicyId": null,
    "roles": [],
    "scopes": [
      "plugin.read",
    ],
  },
  {
    "authKind": "authenticated",
    "index": 256,
    "method": "POST",
    "operationId": "marketplace.plugins.install",
    "path": "/v1/marketplace/plugins/:id/install",
    "rateLimitPolicyId": null,
    "roles": [],
    "scopes": [
      "plugin.install",
    ],
  },
  {
    "authKind": "authenticated",
    "index": 257,
    "method": "POST",
    "operationId": "agent.runs.start",
    "path": "/v1/agent/runs",
    "rateLimitPolicyId": "agent.run",
    "roles": [],
    "scopes": [
      "agent.run",
      "workflow.run",
    ],
  },
  {
    "authKind": "authenticated",
    "index": 258,
    "method": "GET",
    "operationId": "agent.runs.list",
    "path": "/v1/agent/runs",
    "rateLimitPolicyId": null,
    "roles": [],
    "scopes": [
      "agent.read",
      "workflow.run",
    ],
  },
  {
    "authKind": "authenticated",
    "index": 259,
    "method": "GET",
    "operationId": "agent.runs.summary",
    "path": "/v1/agent/runs/summary",
    "rateLimitPolicyId": null,
    "roles": [],
    "scopes": [
      "agent.read",
      "workflow.run",
    ],
  },
  {
    "authKind": "authenticated",
    "index": 260,
    "method": "GET",
    "operationId": "agent.runs.get",
    "path": "/v1/agent/runs/:runId",
    "rateLimitPolicyId": null,
    "roles": [],
    "scopes": [
      "agent.read",
      "workflow.run",
    ],
  },
  {
    "authKind": "authenticated",
    "index": 261,
    "method": "POST",
    "operationId": "agent.runs.cancel",
    "path": "/v1/agent/runs/:runId/cancel",
    "rateLimitPolicyId": null,
    "roles": [],
    "scopes": [
      "agent.write",
      "workflow.run",
    ],
  },
  {
    "authKind": "authenticated",
    "index": 262,
    "method": "GET",
    "operationId": "agent.runs.audit",
    "path": "/v1/agent/runs/:runId/audit",
    "rateLimitPolicyId": null,
    "roles": [],
    "scopes": [
      "agent.read",
      "workflow.run",
    ],
  },
  {
    "authKind": "authenticated",
    "index": 263,
    "method": "POST",
    "operationId": "agent.runs.rollback",
    "path": "/v1/agent/runs/:runId/rollback",
    "rateLimitPolicyId": null,
    "roles": [],
    "scopes": [
      "agent.write",
      "workflow.run",
    ],
  },
  {
    "authKind": "authenticated",
    "index": 264,
    "method": "POST",
    "operationId": "agent.runs.approve.plan",
    "path": "/v1/agent/runs/:runId/approve-plan",
    "rateLimitPolicyId": null,
    "roles": [],
    "scopes": [
      "agent.write",
      "workflow.run",
    ],
  },
  {
    "authKind": "authenticated",
    "index": 265,
    "method": "POST",
    "operationId": "agent.runs.reject.plan",
    "path": "/v1/agent/runs/:runId/reject-plan",
    "rateLimitPolicyId": null,
    "roles": [],
    "scopes": [
      "agent.write",
      "workflow.run",
    ],
  },
  {
    "authKind": "authenticated",
    "index": 266,
    "method": "POST",
    "operationId": "agent.runs.approve.tool",
    "path": "/v1/agent/runs/:runId/approve-tool",
    "rateLimitPolicyId": null,
    "roles": [],
    "scopes": [
      "agent.write",
      "workflow.run",
    ],
  },
  {
    "authKind": "authenticated",
    "index": 267,
    "method": "POST",
    "operationId": "agent.runs.reject.tool",
    "path": "/v1/agent/runs/:runId/reject-tool",
    "rateLimitPolicyId": null,
    "roles": [],
    "scopes": [
      "agent.write",
      "workflow.run",
    ],
  },
  {
    "authKind": "authenticated",
    "index": 268,
    "method": "GET",
    "operationId": "agent.runs.events",
    "path": "/v1/agent/runs/:runId/events",
    "rateLimitPolicyId": null,
    "roles": [],
    "scopes": [
      "agent.read",
      "workflow.run",
    ],
  },
  {
    "authKind": "authenticated",
    "index": 269,
    "method": "POST",
    "operationId": "agent.automations.create",
    "path": "/v1/agent/automations",
    "rateLimitPolicyId": null,
    "roles": [],
    "scopes": [
      "agent.write",
      "workflow.run",
    ],
  },
  {
    "authKind": "authenticated",
    "index": 270,
    "method": "GET",
    "operationId": "agent.automations.list",
    "path": "/v1/agent/automations",
    "rateLimitPolicyId": null,
    "roles": [],
    "scopes": [
      "agent.read",
      "workflow.run",
    ],
  },
  {
    "authKind": "authenticated",
    "index": 271,
    "method": "GET",
    "operationId": "agent.automations.get",
    "path": "/v1/agent/automations/:automationId",
    "rateLimitPolicyId": null,
    "roles": [],
    "scopes": [
      "agent.read",
      "workflow.run",
    ],
  },
  {
    "authKind": "authenticated",
    "index": 272,
    "method": "PATCH",
    "operationId": "agent.automations.update",
    "path": "/v1/agent/automations/:automationId",
    "rateLimitPolicyId": null,
    "roles": [],
    "scopes": [
      "agent.write",
      "workflow.run",
    ],
  },
  {
    "authKind": "authenticated",
    "index": 273,
    "method": "DELETE",
    "operationId": "agent.automations.delete",
    "path": "/v1/agent/automations/:automationId",
    "rateLimitPolicyId": null,
    "roles": [],
    "scopes": [
      "agent.write",
      "workflow.run",
    ],
  },
  {
    "authKind": "authenticated",
    "index": 274,
    "method": "POST",
    "operationId": "agent.automations.run",
    "path": "/v1/agent/automations/:automationId/run",
    "rateLimitPolicyId": null,
    "roles": [],
    "scopes": [
      "agent.run",
      "workflow.run",
    ],
  },
  {
    "authKind": "authenticated",
    "index": 275,
    "method": "GET",
    "operationId": "agent.subagents.list",
    "path": "/v1/agent/subagents",
    "rateLimitPolicyId": null,
    "roles": [],
    "scopes": [
      "workflow.run",
    ],
  },
  {
    "authKind": "authenticated",
    "index": 276,
    "method": "GET",
    "operationId": "agent.subagents.get",
    "path": "/v1/agent/subagents/:subagentId",
    "rateLimitPolicyId": null,
    "roles": [],
    "scopes": [
      "workflow.run",
    ],
  },
  {
    "authKind": "authenticated",
    "index": 277,
    "method": "GET",
    "operationId": "agent.runs.subagents.list",
    "path": "/v1/agent/runs/:runId/subagents",
    "rateLimitPolicyId": null,
    "roles": [],
    "scopes": [
      "workflow.run",
    ],
  },
]
`;
